ï¿½ï¿½ESP-ROM:esp32s3-20210327
Build:Mar 27 2021
rst:0x1 (POWERON),boot:0x2b (SPI_FAST_FLASH_BOOT)
SPIWP:0xee
mode:DIO, clock div:1
load:0x3fce2810,len:0x178c
load:0x403c8700,len:0x4
load:0x403c8704,len:0xcb8
load:0x403cb700,len:0x2db0
entry 0x403c8914
[0;32mI (27) boot: ESP-IDF v5.3.1-dirty 2nd stage bootloader[0m
[0;32mI (27) boot: compile time Sep 21 2024 09:34:58[0m
[0;32mI (27) boot: Multicore bootloader[0m
[0;32mI (30) boot: chip revision: v0.2[0m
[0;32mI (34) boot.esp32s3: Boot SPI Speed : 80MHz[0m
[0;32mI (39) boot.esp32s3: SPI Mode       : DIO[0m
[0;32mI (44) boot.esp32s3: SPI Flash Size : 2MB[0m
[0;32mI (49) boot: Enabling RNG early entropy source...[0m
[0;32mI (54) boot: Partition Table:[0m
[0;32mI (58) boot: ## Label            Usage          Type ST Offset   Length[0m
[0;32mI (65) boot:  0 nvs              WiFi data        01 02 00009000 00006000[0m
[0;32mI (72) boot:  1 phy_init         RF data          01 01 0000f000 00001000[0m
[0;32mI (80) boot:  2 factory          factory app      00 00 00010000 00100000[0m
[0;32mI (87) boot: End of partition table[0m
[0;32mI (91) esp_image: segment 0: paddr=00010020 vaddr=3c050020 size=144c4h ( 83140) map[0m
[0;32mI (115) esp_image: segment 1: paddr=000244ec vaddr=3fc92e00 size=02b04h ( 11012) load[0m
[0;32mI (117) esp_image: segment 2: paddr=00026ff8 vaddr=40374000 size=09020h ( 36896) load[0m
[0;32mI (129) esp_image: segment 3: paddr=00030020 vaddr=42000020 size=49004h (299012) map[0m
[0;32mI (183) esp_image: segment 4: paddr=0007902c vaddr=4037d020 size=05d84h ( 23940) load[0m
[0;32mI (194) boot: Loaded app from partition at offset 0x10000[0m
[0;32mI (194) boot: Disabling RNG early entropy source...[0m
[0;32mI (206) cpu_start: Multicore app[0m
[0;32mI (216) cpu_start: Pro cpu start user code[0m
[0;32mI (216) cpu_start: cpu freq: 160000000 Hz[0m
[0;32mI (216) app_init: Application information:[0m
[0;32mI (219) app_init: Project name:     usb-msc[0m
[0;32mI (223) app_init: App version:      d527dd2-dirty[0m
[0;32mI (229) app_init: Compile time:     Sep 22 2024 10:14:04[0m
[0;32mI (235) app_init: ELF file SHA256:  10d795b90...[0m
[0;32mI (240) app_init: ESP-IDF:          v5.3.1-dirty[0m
[0;32mI (245) efuse_init: Min chip rev:     v0.0[0m
[0;32mI (250) efuse_init: Max chip rev:     v0.99 [0m
[0;32mI (255) efuse_init: Chip rev:         v0.2[0m
[0;32mI (260) heap_init: Initializing. RAM available for dynamic allocation:[0m
[0;32mI (267) heap_init: At 3FC96958 len 00052DB8 (331 KiB): RAM[0m
[0;32mI (273) heap_init: At 3FCE9710 len 00005724 (21 KiB): RAM[0m
[0;32mI (279) heap_init: At 3FCF0000 len 00008000 (32 KiB): DRAM[0m
[0;32mI (286) heap_init: At 600FE100 len 00001EE8 (7 KiB): RTCRAM[0m
[0;32mI (293) spi_flash: detected chip: gd[0m
[0;32mI (296) spi_flash: flash io: dio[0m
[0;33mW (300) spi_flash: Detected size(16384k) larger than the size in the binary image header(2048k). Using the size in the binary image header.[0m
[0;32mI (313) sleep: Configure to isolate all GPIO pins in sleep state[0m
[0;32mI (320) sleep: Enable automatic switching of GPIO sleep configuration[0m
[0;32mI (327) main_task: Started on CPU0[0m
[0;32mI (347) main_task: Calling app_main()[0m
[0;32mI (347) gpio: GPIO[0]| InputEn: 1| OutputEn: 0| OpenDrain: 0| Pullup: 1| Pulldown: 0| Intr:2 [0m
[0;32mI (347) example: Waiting for USB flash drive to be connected[0m

assert failed: tcpip_send_msg_wait_sem /IDF/components/lwip/lwip/src/api/tcpip.c:449 (Invalid mbox)


Backtrace: 0x40375af2:0x3fc98fa0 0x4037a18d:0x3fc98fc0 0x40380dd5:0x3fc98fe0 0x4201f316:0x3fc99100 0x4202b2a9:0x3fc99130 0x4202b332:0x3fc99150 0x4201f171:0x3fc991a0 0x4201b5cd:0x3fc991c0 0x4201bc95:0x3fc99220 0x4200ac7c:0x3fc99250 0x4200b226:0x3fc992f0 0x42048503:0x3fc99430 0x4037ac21:0x3fc99460




ELF file SHA256: 10d795b90

Rebooting...
ï¿½ï¿½ï¿½ESP-ROM:esp32s3-20210327
Build:Mar 27 2021
rst:0xc (RTC_SW_CPU_RST),boot:0x2b (SPI_FAST_FLASH_BOOT)
Saved PC:0x40375a2c
SPIWP:0xee
mode:DIO, clock div:1
load:0x3fce2810,len:0x178c
load:0x403c8700,len:0x4
load:0x403c8704,len:0xcb8
load:0x403cb700,len:0x2db0
entry 0x403c8914
[0;32mI (31) boot: ESP-IDF v5.3.1-dirty 2nd stage bootloader[0m
[0;32mI (31) boot: compile time Sep 21 2024 09:34:58[0m
[0;32mI (31) boot: Multicore bootloader[0m
[0;32mI (35) boot: chip revision: v0.2[0m
[0;32mI (39) boot.esp32s3: Boot SPI Speed : 80MHz[0m
[0;32mI (44) boot.esp32s3: SPI Mode       : DIO[0m
[0;32mI (48) boot.esp32s3: SPI Flash Size : 2MB[0m
[0;32mI (53) boot: Enabling RNG early entropy source...[0m
[0;32mI (58) boot: Partition Table:[0m
[0;32mI (62) boot: ## Label            Usage          Type ST Offset   Length[0m
[0;32mI (69) boot:  0 nvs              WiFi data        01 02 00009000 00006000[0m
[0;32mI (77) boot:  1 phy_init         RF data          01 01 0000f000 00001000[0m
[0;32mI (84) boot:  2 factory          factory app      00 00 00010000 00100000[0m
[0;32mI (92) boot: End of partition table[0m
[0;32mI (96) esp_image: segment 0: paddr=00010020 vaddr=3c050020 size=144c4h ( 83140) map[0m
[0;32mI (119) esp_image: segment 1: paddr=000244ec vaddr=3fc92e00 size=02b04h ( 11012) load[0m
[0;32mI (122) esp_image: segment 2: paddr=00026ff8 vaddr=40374000 size=09020h ( 36896) load[0m
[0;32mI (133) esp_image: segment 3: paddr=00030020 vaddr=42000020 size=49004h (299012) map[0m
[0;32mI (187) esp_image: segment 4: paddr=0007902c vaddr=4037d020 size=05d84h ( 23940) load[0m
[0;32mI (199) boot: Loaded app from partition at offset 0x10000[0m
[0;32mI (199) boot: Disabling RNG early entropy source...[0m
[0;32mI (211) cpu_start: Multicore app[0m
[0;32mI (220) cpu_start: Pro cpu start user code[0m
[0;32mI (220) cpu_start: cpu freq: 160000000 Hz[0m
[0;32mI (220) app_init: Application information:[0m
[0;32mI (223) app_init: Project name:     usb-msc[0m
[0;32mI (228) app_init: App version:      d527dd2-dirty[0m
[0;32mI (233) app_init: Compile time:     Sep 22 2024 10:14:04[0m
[0;32mI (239) app_init: ELF file SHA256:  10d795b90...[0m
[0;32mI (245) app_init: ESP-IDF:          v5.3.1-dirty[0m
[0;32mI (250) efuse_init: Min chip rev:     v0.0[0m
[0;32mI (255) efuse_init: Max chip rev:     v0.99 [0m
[0;32mI (260) efuse_init: Chip rev:         v0.2[0m
[0;32mI (264) heap_init: Initializing. RAM available for dynamic allocation:[0m
[0;32mI (272) heap_init: At 3FC96958 len 00052DB8 (331 KiB): RAM[0m
[0;32mI (278) heap_init: At 3FCE9710 len 00005724 (21 KiB): RAM[0m
[0;32mI (284) heap_init: At 3FCF0000 len 00008000 (32 KiB): DRAM[0m
[0;32mI (290) heap_init: At 600FE100 len 00001EE8 (7 KiB): RTCRAM[0m
[0;32mI (297) spi_flash: detected chip: gd[0m
[0;32mI (300) spi_flash: flash io: dio[0m
[0;33mW (304) spi_flash: Detected size(16384k) larger than the size in the binary image header(2048k). Using the size in the binary image header.[0m
[0;32mI (318) sleep: Configure to isolate all GPIO pins in sleep state[0m
[0;32mI (325) sleep: Enable automatic switching of GPIO sleep configuration[0m
[0;32mI (332) main_task: Started on CPU0[0m
[0;32mI (352) main_task: Calling app_main()[0m
[0;32mI (352) gpio: GPIO[0]| InputEn: 1| OutputEn: 0| OpenDrain: 0| Pullup: 1| Pulldown: 0| Intr:2 [0m
[0;32mI (352) example: Waiting for USB flash drive to be connected[0m

assert failed: tcpip_send_msg_wait_sem /IDF/components/lwip/lwip/src/api/tcpip.c:449 (Invalid mbox)


Backtrace: 0x40375af2:0x3fc98fa0 0x4037a18d:0x3fc98fc0 0x40380dd5:0x3fc98fe0 0x4201f316:0x3fc99100 0x4202b2a9:0x3fc99130 0x4202b332:0x3fc99150 0x4201f171:0x3fc991a0 0x4201b5cd:0x3fc991c0 0x4201bc95:0x3fc99220 0x4200ac7c:0x3fc99250 0x4200b226:0x3fc992f0 0x42048503:0x3fc99430 0x4037ac21:0x3fc99460




ELF file SHA256: 10d795b90

Rebooting...
ï¿½ï¿½ï¿½ESP-ROM:esp32s3-20210327
Build:Mar 27 2021
rst:0xc (RTC_SW_CPU_RST),boot:0x2b (SPI_FAST_FLASH_BOOT)
Saved PC:0x40375a2c
SPIWP:0xee
mode:DIO, clock div:1
load:0x3fce2810,len:0x178c
load:0x403c8700,len:0x4
load:0x403c8704,len:0xcb8
load:0x403cb700,len:0x2db0
entry 0x403c8914
[0;32mI (31) boot: ESP-IDF v5.3.1-dirty 2nd stage bootloader[0m
[0;32mI (31) boot: compile time Sep 21 2024 09:34:58[0m
[0;32mI (31) boot: Multicore bootloader[0m
[0;32mI (35) boot: chip revision: v0.2[0m
[0;32mI (39) boot.esp32s3: Boot SPI Speed : 80MHz[0m
[0;32mI (44) boot.esp32s3: SPI Mode       : DIO[0m
[0;32mI (48) boot.esp32s3: SPI Flash Size : 2MB[0m
[0;32mI (53) boot: Enabling RNG early entropy source...[0m
[0;32mI (58) boot: Partition Table:[0m
[0;32mI (62) boot: ## Label            Usage          Type ST Offset   Length[0m
[0;32mI (69) boot:  0 nvs              WiFi data        01 02 00009000 00006000[0m
[0;32mI (77) boot:  1 phy_init         RF data          01 01 0000f000 00001000[0m
[0;32mI (84) boot:  2 factory          factory app      00 00 00010000 00100000[0m
[0;32mI (92) boot: End of partition table[0m
[0;32mI (96) esp_image: segment 0: paddr=00010020 vaddr=3c050020 size=144c4h ( 83140) map[0m
[0;32mI (119) esp_image: segment 1: paddr=000244ec vaddr=3fc92e00 size=02b04h ( 11012) load[0m
[0;32mI (122) esp_image: segment 2: paddr=00026ff8 vaddr=40374000 size=09020h ( 36896) load[0m
[0;32mI (133) esp_image: segment 3: paddr=00030020 vaddr=42000020 size=49004h (299012) map[0m
[0;32mI (187) esp_image: segment 4: paddr=0007902c vaddr=4037d020 size=05d84h ( 23940) load[0m
[0;32mI (199) boot: Loaded app from partition at offset 0x10000[0m
[0;32mI (199) boot: Disabling RNG early entropy source...[0m
[0;32mI (211) cpu_start: Multicore app[0m
[0;32mI (220) cpu_start: Pro cpu start user code[0m
[0;32mI (220) cpu_start: cpu freq: 160000000 Hz[0m
[0;32mI (220) app_init: Application information:[0m
[0;32mI (223) app_init: Project name:     usb-msc[0m
[0;32mI (228) app_init: App version:      d527dd2-dirty[0m
[0;32mI (233) app_init: Compile time:     Sep 22 2024 10:14:04[0m
[0;32mI (239) app_init: ELF file SHA256:  10d795b90...[0m
[0;32mI (245) app_init: ESP-IDF:          v5.3.1-dirty[0m
[0;32mI (250) efuse_init: Min chip rev:     v0.0[0m
[0;32mI (255) efuse_init: Max chip rev:     v0.99 [0m
[0;32mI (260) efuse_init: Chip rev:         v0.2[0m
[0;32mI (264) heap_init: Initializing. RAM available for dynamic allocation:[0m
[0;32mI (272) heap_init: At 3FC96958 len 00052DB8 (331 KiB): RAM[0m
[0;32mI (278) heap_init: At 3FCE9710 len 00005724 (21 KiB): RAM[0m
[0;32mI (284) heap_init: At 3FCF0000 len 00008000 (32 KiB): DRAM[0m
[0;32mI (290) heap_init: At 600FE100 len 00001EE8 (7 KiB): RTCRAM[0m
[0;32mI (297) spi_flash: detected chip: gd[0m
[0;32mI (300) spi_flash: flash io: dio[0m
[0;33mW (304) spi_flash: Detected size(16384k) larger than the size in the binary image header(2048k). Using the size in the binary image header.[0m
[0;32mI (318) sleep: Configure to isolate all GPIO pins in sleep state[0m
[0;32mI (325) sleep: Enable automatic switching of GPIO sleep configuration[0m
[0;32mI (332) main_task: Started on CPU0[0m
[0;32mI (352) main_task: Calling app_main()[0m
[0;32mI (352) gpio: GPIO[0]| InputEn: 1| OutputEn: 0| OpenDrain: 0| Pullup: 1| Pulldown: 0| Intr:2 [0m
[0;32mI (352) example: Waiting for USB flash drive to be connected[0m

assert failed: tcpip_send_msg_wait_sem /IDF/components/lwip/lwip/src/api/tcpip.c:449 (Invalid mbox)


Backtrace: 0x40375af2:0x3fc98fa0 0x4037a18d:0x3fc98fc0 0x40380dd5:0x3fc98fe0 0x4201f316:0x3fc99100 0x4202b2a9:0x3fc99130 0x4202b332:0x3fc99150 0x4201f171:0x3fc991a0 0x4201b5cd:0x3fc991c0 0x4201bc95:0x3fc99220 0x4200ac7c:0x3fc99250 0x4200b226:0x3fc992f0 0x42048503:0x3fc99430 0x4037ac21:0x3fc99460




ELF file SHA256: 10d795b90

Rebooting...
ï¿½ï¿½ï¿½ESP-ROM:esp32s3-20210327
Build:Mar 27 2021
rst:0xc (RTC_SW_CPU_RST),boot:0x2b (SPI_FAST_FLASH_BOOT)
Saved PC:0x40375a2c
SPIWP:0xee
mode:DIO, clock div:1
load:0x3fce2810,len:0x178c
load:0x403c8700,len:0x4
load:0x403c8704,len:0xcb8
load:0x403cb700,len:0x2db0
entry 0x403c8914
[0;32mI (31) boot: ESP-IDF v5.3.1-dirty 2nd stage bootloader[0m
[0;32mI (31) boot: compile time Sep 21 2024 09:34:58[0m
[0;32mI (31) boot: Multicore bootloader[0m
[0;32mI (35) boot: chip revision: v0.2[0m
[0;32mI (39) boot.esp32s3: Boot SPI Speed : 80MHz[0m
[0;32mI (44) boot.esp32s3: SPI Mode       : DIO[0m
[0;32mI (48) boot.esp32s3: SPI Flash Size : 2MB[0m
[0;32mI (53) boot: Enabling RNG early entropy source...[0m
[0;32mI (58) boot: Partition Table:[0m
[0;32mI (62) boot: ## Label            Usage          Type ST Offset   Length[0m
[0;32mI (69) boot:  0 nvs              WiFi data        01 02 00009000 00006000[0m
[0;32mI (77) boot:  1 phy_init         RF data          01 01 0000f000 00001000[0m
[0;32mI (84) boot:  2 factory          factory app      00 00 00010000 00100000[0m
[0;32mI (92) boot: End of partition table[0m
[0;32mI (96) esp_image: segment 0: paddr=00010020 vaddr=3c050020 size=144c4h ( 83140) map[0m
[0;32mI (119) esp_image: segment 1: paddr=000244ec vaddr=3fc92e00 size=02b04h ( 11012) load[0m
[0;32mI (122) esp_image: segment 2: paddr=00026ff8 vaddr=40374000 size=09020h ( 36896) load[0m
[0;32mI (133) esp_image: segment 3: paddr=00030020 vaddr=42000020 size=49004h (299012) map[0m
[0;32mI (187) esp_image: segment 4: paddr=0007902c vaddr=4037d020 size=05d84h ( 23940) load[0m
[0;32mI (199) boot: Loaded app from partition at offset 0x10000[0m
[0;32mI (199) boot: Disabling RNG early entropy source...[0m
[0;32mI (211) cpu_start: Multicore app[0m
[0;32mI (220) cpu_start: Pro cpu start user code[0m
[0;32mI (220) cpu_start: cpu freq: 160000000 Hz[0m
[0;32mI (220) app_init: Application information:[0m
[0;32mI (223) app_init: Project name:     usb-msc[0m
[0;32mI (228) app_init: App version:      d527dd2-dirty[0m
[0;32mI (233) app_init: Compile time:     Sep 22 2024 10:14:04[0m
[0;32mI (239) app_init: ELF file SHA256:  10d795b90...[0m
[0;32mI (245) app_init: ESP-IDF:          v5.3.1-dirty[0m
[0;32mI (250) efuse_init: Min chip rev:     v0.0[0m
[0;32mI (255) efuse_init: Max chip rev:     v0.99 [0m
[0;32mI (260) efuse_init: Chip rev:         v0.2[0m
[0;32mI (264) heap_init: Initializing. RAM available for dynamic allocation:[0m
[0;32mI (272) heap_init: At 3FC96958 len 00052DB8 (331 KiB): RAM[0m
[0;32mI (278) heap_init: At 3FCE9710 len 00005724 (21 KiB): RAM[0m
[0;32mI (284) heap_init: At 3FCF0000 len 00008000 (32 KiB): DRAM[0m
[0;32mI (290) heap_init: At 600FE100 len 00001EE8 (7 KiB): RTCRAM[0m
[0;32mI (297) spi_flash: detected chip: gd[0m
[0;32mI (300) spi_flash: flash io: dio[0m
[0;33mW (304) spi_flash: Detected size(16384k) larger than the size in the binary image header(2048k). Using the size in the binary image header.[0m
[0;32mI (318) sleep: Configure to isolate all GPIO pins in sleep state[0m
[0;32mI (325) sleep: Enable automatic switching of GPIO sleep configuration[0m
[0;32mI (332) main_task: Started on CPU0[0m
[0;32mI (352) main_task: Calling app_main()[0m
[0;32mI (352) gpio: GPIO[0]| InputEn: 1| OutputEn: 0| OpenDrain: 0| Pullup: 1| Pulldown: 0| Intr:2 [0m
[0;32mI (352) example: Waiting for USB flash drive to be connected[0m

assert failed: tcpip_send_msg_wait_sem /IDF/components/lwip/lwip/src/api/tcpip.c:449 (Invalid mbox)


Backtrace: 0x40375af2:0x3fc98fa0 0x4037a18d:0x3fc98fc0 0x40380dd5:0x3fc98fe0 0x4201f316:0x3fc99100 0x4202b2a9:0x3fc99130 0x4202b332:0x3fc99150 0x4201f171:0x3fc991a0 0x4201b5cd:0x3fc991c0 0x4201bc95:0x3fc99220 0x4200ac7c:0x3fc99250 0x4200b226:0x3fc992f0 0x42048503:0x3fc99430 0x4037ac21:0x3fc99460




ELF file SHA256: 10d795b90

Rebooting...
ï¿½ï¿½ï¿½ESP-ROM:esp32s3-20210327
Build:Mar 27 2021
rst:0xc (RTC_SW_CPU_RST),boot:0x2b (SPI_FAST_FLASH_BOOT)
Saved PC:0x40375a2c
SPIWP:0xee
mode:DIO, clock div:1
load:0x3fce2810,len:0x178c
load:0x403c8700,len:0x4
load:0x403c8704,len:0xcb8
load:0x403cb700,len:0x2db0
entry 0x403c8914
[0;32mI (31) boot: ESP-IDF v5.3.1-dirty 2nd stage bootloader[0m
[0;32mI (31) boot: compile time Sep 21 2024 09:34:58[0m
[0;32mI (31) boot: Multicore bootloader[0m
[0;32mI (35) boot: chip revision: v0.2[0m
[0;32mI (39) boot.esp32s3: Boot SPI Speed : 80MHz[0m
[0;32mI (44) boot.esp32s3: SPI Mode       : DIO[0m
[0;32mI (48) boot.esp32s3: SPI Flash Size : 2MB[0m
[0;32mI (53) boot: Enabling RNG early entropy source...[0m
[0;32mI (58) boot: Partition Table:[0m
[0;32mI (62) boot: ## Label            Usage          Type ST Offset   Length[0m
[0;32mI (69) boot:  0 nvs              WiFi data        01 02 00009000 00006000[0m
[0;32mI (77) boot:  1 phy_init         RF data          01 01 0000f000 00001000[0m
[0;32mI (84) boot:  2 factory          factory app      00 00 00010000 00100000[0m
[0;32mI (92) boot: End of partition table[0m
[0;32mI (96) esp_image: segment 0: paddr=00010020 vaddr=3c050020 size=144c4h ( 83140) map[0m
[0;32mI (119) esp_image: segment 1: paddr=000244ec vaddr=3fc92e00 size=02b04h ( 11012) load[0m
[0;32mI (122) esp_image: segment 2: paddr=00026ff8 vaddr=40374000 size=09020h ( 36896) load[0m
[0;32mI (133) esp_image: segment 3: paddr=00030020 vaddr=42000020 size=49004h (299012) map[0m
[0;32mI (187) esp_image: segment 4: paddr=0007902c vaddr=4037d020 size=05d84h ( 23940) load[0m
[0;32mI (199) boot: Loaded app from partition at offset 0x10000[0m
[0;32mI (199) boot: Disabling RNG early entropy source...[0m
[0;32mI (211) cpu_start: Multicore app[0m
[0;32mI (220) cpu_start: Pro cpu start user code[0m
[0;32mI (220) cpu_start: cpu freq: 160000000 Hz[0m
[0;32mI (220) app_init: Application information:[0m
[0;32mI (223) app_init: Project name:     usb-msc[0m
[0;32mI (228) app_init: App version:      d527dd2-dirty[0m
[0;32mI (233) app_init: Compile time:     Sep 22 2024 10:14:04[0m
[0;32mI (239) app_init: ELF file SHA256:  10d795b90...[0m
[0;32mI (245) app_init: ESP-IDF:          v5.3.1-dirty[0m
[0;32mI (250) efuse_init: Min chip rev:     v0.0[0m
[0;32mI (255) efuse_init: Max chip rev:     v0.99 [0m
[0;32mI (260) efuse_init: Chip rev:         v0.2[0m
[0;32mI (264) heap_init: Initializing. RAM available for dynamic allocation:[0m
[0;32mI (272) heap_init: At 3FC96958 len 00052DB8 (331 KiB): RAM[0m
[0;32mI (278) heap_init: At 3FCE9710 len 00005724 (21 KiB): RAM[0m
[0;32mI (284) heap_init: At 3FCF0000 len 00008000 (32 KiB): DRAM[0m
[0;32mI (290) heap_init: At 600FE100 len 00001EE8 (7 KiB): RTCRAM[0m
[0;32mI (297) spi_flash: detected chip: gd[0m
[0;32mI (300) spi_flash: flash io: dio[0m
[0;33mW (304) spi_flash: Detected size(16384k) larger than the size in the binary image header(2048k). Using the size in the binary image header.[0m
[0;32mI (318) sleep: Configure to isolate all GPIO pins in sleep state[0m
[0;32mI (325) sleep: Enable automatic switching of GPIO sleep configuration[0m
[0;32mI (332) main_task: Started on CPU0[0m
[0;32mI (352) main_task: Calling app_main()[0m
[0;32mI (352) gpio: GPIO[0]| InputEn: 1| OutputEn: 0| OpenDrain: 0| Pullup: 1| Pulldown: 0| Intr:2 [0m
[0;32mI (352) example: Waiting for USB flash drive to be connected[0m

assert failed: tcpip_send_msg_wait_sem /IDF/components/lwip/lwip/src/api/tcpip.c:449 (Invalid mbox)


Backtrace: 0x40375af2:0x3fc98fa0 0x4037a18d:0x3fc98fc0 0x40380dd5:0x3fc98fe0 0x4201f316:0x3fc99100 0x4202b2a9:0x3fc99130 0x4202b332:0x3fc99150 0x4201f171:0x3fc991a0 0x4201b5cd:0x3fc991c0 0x4201bc95:0x3fc99220 0x4200ac7c:0x3fc99250 0x4200b226:0x3fc992f0 0x42048503:0x3fc99430 0x4037ac21:0x3fc99460




ELF file SHA256: 10d795b90

Rebooting...
ï¿½ï¿½ï¿½ESP-ROM:esp32s3-20210327
Build:Mar 27 2021
rst:0xc (RTC_SW_CPU_RST),boot:0x2b (SPI_FAST_FLASH_BOOT)
Saved PC:0x40375a2c
SPIWP:0xee
mode:DIO, clock div:1
load:0x3fce2810,len:0x178c
load:0x403c8700,len:0x4
load:0x403c8704,len:0xcb8
load:0x403cb700,len:0x2db0
entry 0x403c8914
[0;32mI (31) boot: ESP-IDF v5.3.1-dirty 2nd stage bootloader[0m
[0;32mI (31) boot: compile time Sep 21 2024 09:34:58[0m
[0;32mI (31) boot: Multicore bootloader[0m
[0;32mI (35) boot: chip revision: v0.2[0m
[0;32mI (39) boot.esp32s3: Boot SPI Speed : 80MHz[0m
[0;32mI (44) boot.esp32s3: SPI Mode       : DIO[0m
[0;32mI (48) boot.esp32s3: SPI Flash Size : 2MB[0m
[0;32mI (53) boot: Enabling RNG early entropy source...[0m
[0;32mI (58) boot: Partition Table:[0m
[0;32mI (62) boot: ## Label            Usage          Type ST Offset   Length[0m
[0;32mI (69) boot:  0 nvs              WiFi data        01 02 00009000 00006000[0m
[0;32mI (77) boot:  1 phy_init         RF data          01 01 0000f000 00001000[0m
[0;32mI (84) boot:  2 factory          factory app      00 00 00010000 00100000[0m
[0;32mI (92) boot: End of partition table[0m
[0;32mI (96) esp_image: segment 0: paddr=00010020 vaddr=3c050020 size=144c4h ( 83140) map[0m
[0;32mI (119) esp_image: segment 1: paddr=000244ec vaddr=3fc92e00 size=02b04h ( 11012) load[0m
[0;32mI (122) esp_image: segment 2: paddr=00026ff8 vaddr=40374000 size=09020h ( 36896) load[0m
[0;32mI (133) esp_image: segment 3: paddr=00030020 vaddr=42000020 size=49004h (299012) map[0m
[0;32mI (187) esp_image: segment 4: paddr=0007902c vaddr=4037d020 size=05d84h ( 23940) load[0m
[0;32mI (199) boot: Loaded app from partition at offset 0x10000[0m
[0;32mI (199) boot: Disabling RNG early entropy source...[0m
[0;32mI (211) cpu_start: Multicore app[0m
[0;32mI (220) cpu_start: Pro cpu start user code[0m
[0;32mI (220) cpu_start: cpu freq: 160000000 Hz[0m
[0;32mI (220) app_init: Application information:[0m
[0;32mI (223) app_init: Project name:     usb-msc[0m
[0;32mI (228) app_init: App version:      d527dd2-dirty[0m
[0;32mI (233) app_init: Compile time:     Sep 22 2024 10:14:04[0m
[0;32mI (239) app_init: ELF file SHA256:  10d795b90...[0m
[0;32mI (245) app_init: ESP-IDF:          v5.3.1-dirty[0m
[0;32mI (250) efuse_init: Min chip rev:     v0.0[0m
[0;32mI (255) efuse_init: Max chip rev:     v0.99 [0m
[0;32mI (260) efuse_init: Chip rev:         v0.2[0m
[0;32mI (264) heap_init: Initializing. RAM available for dynamic allocation:[0m
[0;32mI (272) heap_init: At 3FC96958 len 00052DB8 (331 KiB): RAM[0m
[0;32mI (278) heap_init: At 3FCE9710 len 00005724 (21 KiB): RAM[0m
[0;32mI (284) heap_init: At 3FCF0000 len 00008000 (32 KiB): DRAM[0m
[0;32mI (290) heap_init: At 600FE100 len 00001EE8 (7 KiB): RTCRAM[0m
[0;32mI (297) spi_flash: detected chip: gd[0m
[0;32mI (300) spi_flash: flash io: dio[0m
[0;33mW (304) spi_flash: Detected size(16384k) larger than the size in the binary image header(2048k). Using the size in the binary image header.[0m
[0;32mI (318) sleep: Configure to isolate all GPIO pins in sleep state[0m
[0;32mI (325) sleep: Enable automatic switching of GPIO sleep configuration[0m
[0;32mI (332) main_task: Started on CPU0[0m
[0;32mI (352) main_task: Calling app_main()[0m
[0;32mI (352) gpio: GPIO[0]| InputEn: 1| OutputEn: 0| OpenDrain: 0| Pullup: 1| Pulldown: 0| Intr:2 [0m
[0;32mI (352) example: Waiting for USB flash drive to be connected[0m

assert failed: tcpip_send_msg_wait_sem /IDF/components/lwip/lwip/src/api/tcpip.c:449 (Invalid mbox)


Backtrace: 0x40375af2:0x3fc98fa0 0x4037a18d:0x3fc98fc0 0x40380dd5:0x3fc98fe0 0x4201f316:0x3fc99100 0x4202b2a9:0x3fc99130 0x4202b332:0x3fc99150 0x4201f171:0x3fc991a0 0x4201b5cd:0x3fc991c0 0x4201bc95:0x3fc99220 0x4200ac7c:0x3fc99250 0x4200b226:0x3fc992f0 0x42048503:0x3fc99430 0x4037ac21:0x3fc99460




ELF file SHA256: 10d795b90

Rebooting...
ï¿½ï¿½ï¿½ESP-ROM:esp32s3-20210327
Build:Mar 27 2021
rst:0xc (RTC_SW_CPU_RST),boot:0x2b (SPI_FAST_FLASH_BOOT)
Saved PC:0x40375a2c
SPIWP:0xee
mode:DIO, clock div:1
load:0x3fce2810,len:0x178c
load:0x403c8700,len:0x4
load:0x403c8704,len:0xcb8
load:0x403cb700,len:0x2db0
entry 0x403c8914
[0;32mI (31) boot: ESP-IDF v5.3.1-dirty 2nd stage bootloader[0m
[0;32mI (31) boot: compile time Sep 21 2024 09:34:58[0m
[0;32mI (31) boot: Multicore bootloader[0m
[0;32mI (35) boot: chip revision: v0.2[0m
[0;32mI (39) boot.esp32s3: Boot SPI Speed : 80MHz[0m
[0;32mI (44) boot.esp32s3: SPI Mode       : DIO[0m
[0;32mI (48) boot.esp32s3: SPI Flash Size : 2MB[0m
[0;32mI (53) boot: Enabling RNG early entropy source...[0m
[0;32mI (58) boot: Partition Table:[0m
[0;32mI (62) boot: ## Label            Usage          Type ST Offset   Length[0m
[0;32mI (69) boot:  0 nvs              WiFi data        01 02 00009000 00006000[0m
[0;32mI (77) boot:  1 phy_init         RF data          01 01 0000f000 00001000[0m
[0;32mI (84) boot:  2 factory          factory app      00 00 00010000 00100000[0m
[0;32mI (92) boot: End of partition table[0m
[0;32mI (96) esp_image: segment 0: paddr=00010020 vaddr=3c050020 size=144c4h ( 83140) map[0m
[0;32mI (119) esp_image: segment 1: paddr=000244ec vaddr=3fc92e00 size=02b04h ( 11012) load[0m
[0;32mI (122) esp_image: segment 2: paddr=00026ff8 vaddr=40374000 size=09020h ( 36896) load[0m
[0;32mI (133) esp_image: segment 3: paddr=00030020 vaddr=42000020 size=49004h (299012) map[0m
[0;32mI (187) esp_image: segment 4: paddr=0007902c vaddr=4037d020 size=05d84h ( 23940) load[0m
[0;32mI (199) boot: Loaded app from partition at offset 0x10000[0m
[0;32mI (199) boot: Disabling RNG early entropy source...[0m
[0;32mI (211) cpu_start: Multicore app[0m
[0;32mI (220) cpu_start: Pro cpu start user code[0m
[0;32mI (220) cpu_start: cpu freq: 160000000 Hz[0m
[0;32mI (220) app_init: Application information:[0m
[0;32mI (223) app_init: Project name:     usb-msc[0m
[0;32mI (228) app_init: App version:      d527dd2-dirty[0m
[0;32mI (233) app_init: Compile time:     Sep 22 2024 10:14:04[0m
[0;32mI (239) app_init: ELF file SHA256:  10d795b90...[0m
[0;32mI (245) app_init: ESP-IDF:          v5.3.1-dirty[0m
[0;32mI (250) efuse_init: Min chip rev:     v0.0[0m
[0;32mI (255) efuse_init: Max chip rev:     v0.99 [0m
[0;32mI (260) efuse_init: Chip rev:         v0.2[0m
[0;32mI (264) heap_init: Initializing. RAM available for dynamic allocation:[0m
[0;32mI (272) heap_init: At 3FC96958 len 00052DB8 (331 KiB): RAM[0m
[0;32mI (278) heap_init: At 3FCE9710 len 00005724 (21 KiB): RAM[0m
[0;32mI (284) heap_init: At 3FCF0000 len 00008000 (32 KiB): DRAM[0m
[0;32mI (290) heap_init: At 600FE100 len 00001EE8 (7 KiB): RTCRAM[0m
[0;32mI (297) spi_flash: detected chip: gd[0m
[0;32mI (300) spi_flash: flash io: dio[0m
[0;33mW (304) spi_flash: Detected size(16384k) larger than the size in the binary image header(2048k). Using the size in the binary image header.[0m
[0;32mI (318) sleep: Configure to isolate all GPIO pins in sleep state[0m
[0;32mI (325) sleep: Enable automatic switching of GPIO sleep configuration[0m
[0;32mI (332) main_task: Started on CPU0[0m
[0;32mI (352) main_task: Calling app_main()[0m
[0;32mI (352) gpio: GPIO[0]| InputEn: 1| OutputEn: 0| OpenDrain: 0| Pullup: 1| Pulldown: 0| Intr:2 [0m
[0;32mI (352) example: Waiting for USB flash drive to be connected[0m

assert failed: tcpip_send_msg_wait_sem /IDF/components/lwip/lwip/src/api/tcpip.c:449 (Invalid mbox)


Backtrace: 0x40375af2:0x3fc98fa0 0x4037a18d:0x3fc98fc0 0x40380dd5:0x3fc98fe0 0x4201f316:0x3fc99100 0x4202b2a9:0x3fc99130 0x4202b332:0x3fc99150 0x4201f171:0x3fc991a0 0x4201b5cd:0x3fc991c0 0x4201bc95:0x3fc99220 0x4200ac7c:0x3fc99250 0x4200b226:0x3fc992f0 0x42048503:0x3fc99430 0x4037ac21:0x3fc99460




ELF file SHA256: 10d795b90

Rebooting...
ï¿½ï¿½ï¿½ESP-ROM:esp32s3-20210327
Build:Mar 27 2021
rst:0xc (RTC_SW_CPU_RST),boot:0x2b (SPI_FAST_FLASH_BOOT)
Saved PC:0x40375a2c
SPIWP:0xee
mode:DIO, clock div:1
load:0x3fce2810,len:0x178c
load:0x403c8700,len:0x4
load:0x403c8704,len:0xcb8
load:0x403cb700,len:0x2db0
entry 0x403c8914
[0;32mI (31) boot: ESP-IDF v5.3.1-dirty 2nd stage bootloader[0m
[0;32mI (31) boot: compile time Sep 21 2024 09:34:58[0m
[0;32mI (31) boot: Multicore bootloader[0m
[0;32mI (35) boot: chip revision: v0.2[0m
[0;32mI (39) boot.esp32s3: Boot SPI Speed : 80MHz[0m
[0;32mI (44) boot.esp32s3: SPI Mode       : DIO[0m
[0;32mI (48) boot.esp32s3: SPI Flash Size : 2MB[0m
[0;32mI (53) boot: Enabling RNG early entropy source...[0m
[0;32mI (58) boot: Partition Table:[0m
[0;32mI (62) boot: ## Label            Usage          Type ST Offset   Length[0m
[0;32mI (69) boot:  0 nvs              WiFi data        01 02 00009000 00006000[0m
[0;32mI (77) boot:  1 phy_init         RF data          01 01 0000f000 00001000[0m
[0;32mI (84) boot:  2 factory          factory app      00 00 00010000 00100000[0m
[0;32mI (92) boot: End of partition table[0m
[0;32mI (96) esp_image: segment 0: paddr=00010020 vaddr=3c050020 size=144c4h ( 83140) map[0m
[0;32mI (119) esp_image: segment 1: paddr=000244ec vaddr=3fc92e00 size=02b04h ( 11012) load[0m
[0;32mI (122) esp_image: segment 2: paddr=00026ff8 vaddr=40374000 size=09020h ( 36896) load[0m
[0;32mI (133) esp_image: segment 3: paddr=00030020 vaddr=42000020 size=49004h (299012) map[0m
[0;32mI (187) esp_image: segment 4: paddr=0007902c vaddr=4037d020 size=05d84h ( 23940) load[0m
[0;32mI (199) boot: Loaded app from partition at offset 0x10000[0m
[0;32mI (199) boot: Disabling RNG early entropy source...[0m
[0;32mI (211) cpu_start: Multicore app[0m
[0;32mI (220) cpu_start: Pro cpu start user code[0m
[0;32mI (220) cpu_start: cpu freq: 160000000 Hz[0m
[0;32mI (220) app_init: Application information:[0m
[0;32mI (223) app_init: Project name:     usb-msc[0m
[0;32mI (228) app_init: App version:      d527dd2-dirty[0m
[0;32mI (233) app_init: Compile time:     Sep 22 2024 10:14:04[0m
[0;32mI (239) app_init: ELF file SHA256:  10d795b90...[0m
[0;32mI (245) app_init: ESP-IDF:          v5.3.1-dirty[0m
[0;32mI (250) efuse_init: Min chip rev:     v0.0[0m
[0;32mI (255) efuse_init: Max chip rev:     v0.99 [0m
[0;32mI (260) efuse_init: Chip rev:         v0.2[0m
[0;32mI (264) heap_init: Initializing. RAM available for dynamic allocation:[0m
[0;32mI (272) heap_init: At 3FC96958 len 00052DB8 (331 KiB): RAM[0m
[0;32mI (278) heap_init: At 3FCE9710 len 00005724 (21 KiB): RAM[0m
[0;32mI (284) heap_init: At 3FCF0000 len 00008000 (32 KiB): DRAM[0m
[0;32mI (290) heap_init: At 600FE100 len 00001EE8 (7 KiB): RTCRAM[0m
[0;32mI (297) spi_flash: detected chip: gd[0m
[0;32mI (300) spi_flash: flash io: dio[0m
[0;33mW (304) spi_flash: Detected size(16384k) larger than the size in the binary image header(2048k). Using the size in the binary image header.[0m
[0;32mI (318) sleep: Configure to isolate all GPIO pins in sleep state[0m
[0;32mI (325) sleep: Enable automatic switching of GPIO sleep configuration[0m
[0;32mI (332) main_task: Started on CPU0[0m
[0;32mI (352) main_task: Calling app_main()[0m
[0;32mI (352) gpio: GPIO[0]| InputEn: 1| OutputEn: 0| OpenDrain: 0| Pullup: 1| Pulldown: 0| Intr:2 [0m
[0;32mI (352) example: Waiting for USB flash drive to be connected[0m

assert failed: tcpip_send_msg_wait_sem /IDF/components/lwip/lwip/src/api/tcpip.c:449 (Invalid mbox)


Backtrace: 0x40375af2:0x3fc98fa0 0x4037a18d:0x3fc98fc0 0x40380dd5:0x3fc98fe0 0x4201f316:0x3fc99100 0x4202b2a9:0x3fc99130 0x4202b332:0x3fc99150 0x4201f171:0x3fc991a0 0x4201b5cd:0x3fc991c0 0x4201bc95:0x3fc99220 0x4200ac7c:0x3fc99250 0x4200b226:0x3fc992f0 0x42048503:0x3fc99430 0x4037ac21:0x3fc99460




ELF file SHA256: 10d795b90

Rebooting...
ï¿½ï¿½ï¿½ESP-ROM:esp32s3-20210327
Build:Mar 27 2021
rst:0xc (RTC_SW_CPU_RST),boot:0x2b (SPI_FAST_FLASH_BOOT)
Saved PC:0x40375a2c
SPIWP:0xee
mode:DIO, clock div:1
load:0x3fce2810,len:0x178c
load:0x403c8700,len:0x4
load:0x403c8704,len:0xcb8
load:0x403cb700,len:0x2db0
entry 0x403c8914
[0;32mI (31) boot: ESP-IDF v5.3.1-dirty 2nd stage bootloader[0m
[0;32mI (31) boot: compile time Sep 21 2024 09:34:58[0m
[0;32mI (31) boot: Multicore bootloader[0m
[0;32mI (35) boot: chip revision: v0.2[0m
[0;32mI (39) boot.esp32s3: Boot SPI Speed : 80MHz[0m
[0;32mI (44) boot.esp32s3: SPI Mode       : DIO[0m
[0;32mI (48) boot.esp32s3: SPI Flash Size : 2MB[0m
[0;32mI (53) boot: Enabling RNG early entropy source...[0m
[0;32mI (58) boot: Partition Table:[0m
[0;32mI (62) boot: ## Label            Usage          Type ST Offset   Length[0m
[0;32mI (69) boot:  0 nvs              WiFi data        01 02 00009000 00006000[0m
[0;32mI (77) boot:  1 phy_init         RF data          01 01 0000f000 00001000[0m
[0;32mI (84) boot:  2 factory          factory app      00 00 00010000 00100000[0m
[0;32mI (92) boot: End of partition table[0m
[0;32mI (96) esp_image: segment 0: paddr=00010020 vaddr=3c050020 size=144c4h ( 83140) map[0m
[0;32mI (119) esp_image: segment 1: paddr=000244ec vaddr=3fc92e00 size=02b04h ( 11012) load[0m
[0;32mI (122) esp_image: segment 2: paddr=00026ff8 vaddr=40374000 size=09020h ( 36896) load[0m
[0;32mI (133) esp_image: segment 3: paddr=00030020 vaddr=42000020 size=49004h (299012) map[0m
[0;32mI (187) esp_image: segment 4: paddr=0007902c vaddr=4037d020 size=05d84h ( 23940) load[0m
[0;32mI (199) boot: Loaded app from partition at offset 0x10000[0m
[0;32mI (199) boot: Disabling RNG early entropy source...[0m
[0;32mI (211) cpu_start: Multicore app[0m
[0;32mI (220) cpu_start: Pro cpu start user code[0m
[0;32mI (220) cpu_start: cpu freq: 160000000 Hz[0m
[0;32mI (220) app_init: Application information:[0m
[0;32mI (223) app_init: Project name:     usb-msc[0m
[0;32mI (228) app_init: App version:      d527dd2-dirty[0m
[0;32mI (233) app_init: Compile time:     Sep 22 2024 10:14:04[0m
[0;32mI (239) app_init: ELF file SHA256:  10d795b90...[0m
[0;32mI (245) app_init: ESP-IDF:          v5.3.1-dirty[0m
[0;32mI (250) efuse_init: Min chip rev:     v0.0[0m
[0;32mI (255) efuse_init: Max chip rev:     v0.99 [0m
[0;32mI (260) efuse_init: Chip rev:         v0.2[0m
[0;32mI (264) heap_init: Initializing. RAM available for dynamic allocation:[0m
[0;32mI (272) heap_init: At 3FC96958 len 00052DB8 (331 KiB): RAM[0m
[0;32mI (278) heap_init: At 3FCE9710 len 00005724 (21 KiB): RAM[0m
[0;32mI (284) heap_init: At 3FCF0000 len 00008000 (32 KiB): DRAM[0m
[0;32mI (290) heap_init: At 600FE100 len 00001EE8 (7 KiB): RTCRAM[0m
[0;32mI (297) spi_flash: detected chip: gd[0m
[0;32mI (300) spi_flash: flash io: dio[0m
[0;33mW (304) spi_flash: Detected size(16384k) larger than the size in the binary image header(2048k). Using the size in the binary image header.[0m
[0;32mI (318) sleep: Configure to isolate all GPIO pins in sleep state[0m
[0;32mI (325) sleep: Enable automatic switching of GPIO sleep configuration[0m
[0;32mI (332) main_task: Started on CPU0[0m
[0;32mI (352) main_task: Calling app_main()[0m
[0;32mI (352) gpio: GPIO[0]| InputEn: 1| OutputEn: 0| OpenDrain: 0| Pullup: 1| Pulldown: 0| Intr:2 [0m
[0;32mI (352) example: Waiting for USB flash drive to be connected[0m

assert failed: tcpip_send_msg_wait_sem /IDF/components/lwip/lwip/src/api/tcpip.c:449 (Invalid mbox)


Backtrace: 0x40375af2:0x3fc98fa0 0x4037a18d:0x3fc98fc0 0x40380dd5:0x3fc98fe0 0x4201f316:0x3fc99100 0x4202b2a9:0x3fc99130 0x4202b332:0x3fc99150 0x4201f171:0x3fc991a0 0x4201b5cd:0x3fc991c0 0x4201bc95:0x3fc99220 0x4200ac7c:0x3fc99250 0x4200b226:0x3fc992f0 0x42048503:0x3fc99430 0x4037ac21:0x3fc99460




ELF file SHA256: 10d795b90

Rebooting...
ï¿½ï¿½ï¿½ESP-ROM:esp32s3-20210327
Build:Mar 27 2021
rst:0xc (RTC_SW_CPU_RST),boot:0x2b (SPI_FAST_FLASH_BOOT)
Saved PC:0x40375a2c
SPIWP:0xee
mode:DIO, clock div:1
load:0x3fce2810,len:0x178c
load:0x403c8700,len:0x4
load:0x403c8704,len:0xcb8
load:0x403cb700,len:0x2db0
entry 0x403c8914
[0;32mI (31) boot: ESP-IDF v5.3.1-dirty 2nd stage bootloader[0m
[0;32mI (31) boot: compile time Sep 21 2024 09:34:58[0m
[0;32mI (31) boot: Multicore bootloader[0m
[0;32mI (35) boot: chip revision: v0.2[0m
[0;32mI (39) boot.esp32s3: Boot SPI Speed : 80MHz[0m
[0;32mI (44) boot.esp32s3: SPI Mode       : DIO[0m
[0;32mI (48) boot.esp32s3: SPI Flash Size : 2MB[0m
[0;32mI (53) boot: Enabling RNG early entropy source...[0m
[0;32mI (58) boot: Partition Table:[0m
[0;32mI (62) boot: ## Label            Usage          Type ST Offset   Length[0m
[0;32mI (69) boot:  0 nvs              WiFi data        01 02 00009000 00006000[0m
[0;32mI (77) boot:  1 phy_init         RF data          01 01 0000f000 00001000[0m
[0;32mI (84) boot:  2 factory          factory app      00 00 00010000 00100000[0m
[0;32mI (92) boot: End of partition table[0m
[0;32mI (96) esp_image: segment 0: paddr=00010020 vaddr=3c050020 size=144c4h ( 83140) map[0m
[0;32mI (119) esp_image: segment 1: paddr=000244ec vaddr=3fc92e00 size=02b04h ( 11012) load[0m
[0;32mI (122) esp_image: segment 2: paddr=00026ff8 vaddr=40374000 size=09020h ( 36896) load[0m
[0;32mI (133) esp_image: segment 3: paddr=00030020 vaddr=42000020 size=49004h (299012) map[0m
[0;32mI (187) esp_image: segment 4: paddr=0007902c vaddr=4037d020 size=05d84h ( 23940) load[0m
[0;32mI (199) boot: Loaded app from partition at offset 0x10000[0m
[0;32mI (199) boot: Disabling RNG early entropy source...[0m
[0;32mI (211) cpu_start: Multicore app[0m
[0;32mI (220) cpu_start: Pro cpu start user code[0m
[0;32mI (220) cpu_start: cpu freq: 160000000 Hz[0m
[0;32mI (220) app_init: Application information:[0m
[0;32mI (223) app_init: Project name:     usb-msc[0m
[0;32mI (228) app_init: App version:      d527dd2-dirty[0m
[0;32mI (233) app_init: Compile time:     Sep 22 2024 10:14:04[0m
[0;32mI (239) app_init: ELF file SHA256:  10d795b90...[0m
[0;32mI (245) app_init: ESP-IDF:          v5.3.1-dirty[0m
[0;32mI (250) efuse_init: Min chip rev:     v0.0[0m
[0;32mI (255) efuse_init: Max chip rev:     v0.99 [0m
[0;32mI (260) efuse_init: Chip rev:         v0.2[0m
[0;32mI (264) heap_init: Initializing. RAM available for dynamic allocation:[0m
[0;32mI (272) heap_init: At 3FC96958 len 00052DB8 (331 KiB): RAM[0m
[0;32mI (278) heap_init: At 3FCE9710 len 00005724 (21 KiB): RAM[0m
[0;32mI (284) heap_init: At 3FCF0000 len 00008000 (32 KiB): DRAM[0m
[0;32mI (290) heap_init: At 600FE100 len 00001EE8 (7 KiB): RTCRAM[0m
[0;32mI (297) spi_flash: detected chip: gd[0m
[0;32mI (300) spi_flash: flash io: dio[0m
[0;33mW (304) spi_flash: Detected size(16384k) larger than the size in the binary image header(2048k). Using the size in the binary image header.[0m
[0;32mI (318) sleep: Configure to isolate all GPIO pins in sleep state[0m
[0;32mI (325) sleep: Enable automatic switching of GPIO sleep configuration[0m
[0;32mI (332) main_task: Started on CPU0[0m
[0;32mI (352) main_task: Calling app_main()[0m
[0;32mI (352) gpio: GPIO[0]| InputEn: 1| OutputEn: 0| OpenDrain: 0| Pullup: 1| Pulldown: 0| Intr:2 [0m
[0;32mI (352) example: Waiting for USB flash drive to be connected[0m

assert failed: tcpip_send_msg_wait_sem /IDF/components/lwip/lwip/src/api/tcpip.c:449 (Invalid mbox)


Backtrace: 0x40375af2:0x3fc98fa0 0x4037a18d:0x3fc98fc0 0x40380dd5:0x3fc98fe0 0x4201f316:0x3fc99100 0x4202b2a9:0x3fc99130 0x4202b332:0x3fc99150 0x4201f171:0x3fc991a0 0x4201b5cd:0x3fc991c0 0x4201bc95:0x3fc99220 0x4200ac7c:0x3fc99250 0x4200b226:0x3fc992f0 0x42048503:0x3fc99430 0x4037ac21:0x3fc99460




ELF file SHA256: 10d795b90

Rebooting...
ï¿½ï¿½ï¿½ESP-ROM:esp32s3-20210327
Build:Mar 27 2021
rst:0xc (RTC_SW_CPU_RST),boot:0x2b (SPI_FAST_FLASH_BOOT)
Saved PC:0x40375a2c
SPIWP:0xee
mode:DIO, clock div:1
load:0x3fce2810,len:0x178c
load:0x403c8700,len:0x4
load:0x403c8704,len:0xcb8
load:0x403cb700,len:0x2db0
entry 0x403c8914
[0;32mI (31) boot: ESP-IDF v5.3.1-dirty 2nd stage bootloader[0m
[0;32mI (31) boot: compile time Sep 21 2024 09:34:58[0m
[0;32mI (31) boot: Multicore bootloader[0m
[0;32mI (35) boot: chip revision: v0.2[0m
[0;32mI (39) boot.esp32s3: Boot SPI Speed : 80MHz[0m
[0;32mI (44) boot.esp32s3: SPI Mode       : DIO[0m
[0;32mI (48) boot.esp32s3: SPI Flash Size : 2MB[0m
[0;32mI (53) boot: Enabling RNG early entropy source...[0m
[0;32mI (58) boot: Partition Table:[0m
[0;32mI (62) boot: ## Label            Usage          Type ST Offset   Length[0m
[0;32mI (69) boot:  0 nvs              WiFi data        01 02 00009000 00006000[0m
[0;32mI (77) boot:  1 phy_init         RF data          01 01 0000f000 00001000[0m
[0;32mI (84) boot:  2 factory          factory app      00 00 00010000 00100000[0m
[0;32mI (92) boot: End of partition table[0m
[0;32mI (96) esp_image: segment 0: paddr=00010020 vaddr=3c050020 size=144c4h ( 83140) map[0m
[0;32mI (119) esp_image: segment 1: paddr=000244ec vaddr=3fc92e00 size=02b04h ( 11012) load[0m
[0;32mI (122) esp_image: segment 2: paddr=00026ff8 vaddr=40374000 size=09020h ( 36896) load[0m
[0;32mI (133) esp_image: segment 3: paddr=00030020 vaddr=42000020 size=49004h (299012) map[0m
[0;32mI (187) esp_image: segment 4: paddr=0007902c vaddr=4037d020 size=05d84h ( 23940) load[0m
[0;32mI (199) boot: Loaded app from partition at offset 0x10000[0m
[0;32mI (199) boot: Disabling RNG early entropy source...[0m
[0;32mI (211) cpu_start: Multicore app[0m
[0;32mI (220) cpu_start: Pro cpu start user code[0m
[0;32mI (220) cpu_start: cpu freq: 160000000 Hz[0m
[0;32mI (220) app_init: Application information:[0m
[0;32mI (223) app_init: Project name:     usb-msc[0m
[0;32mI (228) app_init: App version:      d527dd2-dirty[0m
[0;32mI (233) app_init: Compile time:     Sep 22 2024 10:14:04[0m
[0;32mI (239) app_init: ELF file SHA256:  10d795b90...[0m
[0;32mI (245) app_init: ESP-IDF:          v5.3.1-dirty[0m
[0;32mI (250) efuse_init: Min chip rev:     v0.0[0m
[0;32mI (255) efuse_init: Max chip rev:     v0.99 [0m
[0;32mI (260) efuse_init: Chip rev:         v0.2[0m
[0;32mI (264) heap_init: Initializing. RAM available for dynamic allocation:[0m
[0;32mI (272) heap_init: At 3FC96958 len 00052DB8 (331 KiB): RAM[0m
[0;32mI (278) heap_init: At 3FCE9710 len 00005724 (21 KiB): RAM[0m
[0;32mI (284) heap_init: At 3FCF0000 len 00008000 (32 KiB): DRAM[0m
[0;32mI (290) heap_init: At 600FE100 len 00001EE8 (7 KiB): RTCRAM[0m
[0;32mI (297) spi_flash: detected chip: gd[0m
[0;32mI (300) spi_flash: flash io: dio[0m
[0;33mW (304) spi_flash: Detected size(16384k) larger than the size in the binary image header(2048k). Using the size in the binary image header.[0m
[0;32mI (318) sleep: Configure to isolate all GPIO pins in sleep state[0m
[0;32mI (325) sleep: Enable automatic switching of GPIO sleep configuration[0m
[0;32mI (332) main_task: Started on CPU0[0m
[0;32mI (352) main_task: Calling app_main()[0m
[0;32mI (352) gpio: GPIO[0]| InputEn: 1| OutputEn: 0| OpenDrain: 0| Pullup: 1| Pulldown: 0| Intr:2 [0m
[0;32mI (352) example: Waiting for USB flash drive to be connected[0m

assert failed: tcpip_send_msg_wait_sem /IDF/components/lwip/lwip/src/api/tcpip.c:449 (Invalid mbox)


Backtrace: 0x40375af2:0x3fc98fa0 0x4037a18d:0x3fc98fc0 0x40380dd5:0x3fc98fe0 0x4201f316:0x3fc99100 0x4202b2a9:0x3fc99130 0x4202b332:0x3fc99150 0x4201f171:0x3fc991a0 0x4201b5cd:0x3fc991c0 0x4201bc95:0x3fc99220 0x4200ac7c:0x3fc99250 0x4200b226:0x3fc992f0 0x42048503:0x3fc99430 0x4037ac21:0x3fc99460




ELF file SHA256: 10d795b90

Rebooting...
ï¿½ï¿½ï¿½ESP-ROM:esp32s3-20210327
Build:Mar 27 2021
rst:0xc (RTC_SW_CPU_RST),boot:0x2b (SPI_FAST_FLASH_BOOT)
Saved PC:0x40375a2c
SPIWP:0xee
mode:DIO, clock div:1
load:0x3fce2810,len:0x178c
load:0x403c8700,len:0x4
load:0x403c8704,len:0xcb8
load:0x403cb700,len:0x2db0
entry 0x403c8914
[0;32mI (31) boot: ESP-IDF v5.3.1-dirty 2nd stage bootloader[0m
[0;32mI (31) boot: compile time Sep 21 2024 09:34:58[0m
[0;32mI (31) boot: Multicore bootloader[0m
[0;32mI (35) boot: chip revision: v0.2[0m
[0;32mI (39) boot.esp32s3: Boot SPI Speed : 80MHz[0m
[0;32mI (44) boot.esp32s3: SPI Mode       : DIO[0m
[0;32mI (48) boot.esp32s3: SPI Flash Size : 2MB[0m
[0;32mI (53) boot: Enabling RNG early entropy source...[0m
[0;32mI (58) boot: Partition Table:[0m
[0;32mI (62) boot: ## Label            Usage          Type ST Offset   Length[0m
[0;32mI (69) boot:  0 nvs              WiFi data        01 02 00009000 00006000[0m
[0;32mI (77) boot:  1 phy_init         RF data          01 01 0000f000 00001000[0m
[0;32mI (84) boot:  2 factory          factory app      00 00 00010000 00100000[0m
[0;32mI (92) boot: End of partition table[0m
[0;32mI (96) esp_image: segment 0: paddr=00010020 vaddr=3c050020 size=144c4h ( 83140) map[0m
[0;32mI (119) esp_image: segment 1: paddr=000244ec vaddr=3fc92e00 size=02b04h ( 11012) load[0m
[0;32mI (122) esp_image: segment 2: paddr=00026ff8 vaddr=40374000 size=09020h ( 36896) load[0m
[0;32mI (133) esp_image: segment 3: paddr=00030020 vaddr=42000020 size=49004h (299012) map[0m
[0;32mI (187) esp_image: segment 4: paddr=0007902c vaddr=4037d020 size=05d84h ( 23940) load[0m
[0;32mI (199) boot: Loaded app from partition at offset 0x10000[0m
[0;32mI (199) boot: Disabling RNG early entropy source...[0m
[0;32mI (211) cpu_start: Multicore app[0m
[0;32mI (220) cpu_start: Pro cpu start user code[0m
[0;32mI (220) cpu_start: cpu freq: 160000000 Hz[0m
[0;32mI (220) app_init: Application information:[0m
[0;32mI (223) app_init: Project name:     usb-msc[0m
[0;32mI (228) app_init: App version:      d527dd2-dirty[0m
[0;32mI (233) app_init: Compile time:     Sep 22 2024 10:14:04[0m
[0;32mI (239) app_init: ELF file SHA256:  10d795b90...[0m
[0;32mI (245) app_init: ESP-IDF:          v5.3.1-dirty[0m
[0;32mI (250) efuse_init: Min chip rev:     v0.0[0m
[0;32mI (255) efuse_init: Max chip rev:     v0.99 [0m
[0;32mI (260) efuse_init: Chip rev:         v0.2[0m
[0;32mI (264) heap_init: Initializing. RAM available for dynamic allocation:[0m
[0;32mI (272) heap_init: At 3FC96958 len 00052DB8 (331 KiB): RAM[0m
[0;32mI (278) heap_init: At 3FCE9710 len 00005724 (21 KiB): RAM[0m
[0;32mI (284) heap_init: At 3FCF0000 len 00008000 (32 KiB): DRAM[0m
[0;32mI (290) heap_init: At 600FE100 len 00001EE8 (7 KiB): RTCRAM[0m
[0;32mI (297) spi_flash: detected chip: gd[0m
[0;32mI (300) spi_flash: flash io: dio[0m
[0;33mW (304) spi_flash: Detected size(16384k) larger than the size in the binary image header(2048k). Using the size in the binary image header.[0m
[0;32mI (318) sleep: Configure to isolate all GPIO pins in sleep state[0m
[0;32mI (325) sleep: Enable automatic switching of GPIO sleep configuration[0m
[0;32mI (332) main_task: Started on CPU0[0m
[0;32mI (352) main_task: Calling app_main()[0m
[0;32mI (352) gpio: GPIO[0]| InputEn: 1| OutputEn: 0| OpenDrain: 0| Pullup: 1| Pulldown: 0| Intr:2 [0m
[0;32mI (352) example: Waiting for USB flash drive to be connected[0m

assert failed: tcpip_send_msg_wait_sem /IDF/components/lwip/lwip/src/api/tcpip.c:449 (Invalid mbox)


Backtrace: 0x40375af2:0x3fc98fa0 0x4037a18d:0x3fc98fc0 0x40380dd5:0x3fc98fe0 0x4201f316:0x3fc99100 0x4202b2a9:0x3fc99130 0x4202b332:0x3fc99150 0x4201f171:0x3fc991a0 0x4201b5cd:0x3fc991c0 0x4201bc95:0x3fc99220 0x4200ac7c:0x3fc99250 0x4200b226:0x3fc992f0 0x42048503:0x3fc99430 0x4037ac21:0x3fc99460




ELF file SHA256: 10d795b90

Rebooting...
ï¿½ï¿½ï¿½ESP-ROM:esp32s3-20210327
Build:Mar 27 2021
rst:0xc (RTC_SW_CPU_RST),boot:0x2b (SPI_FAST_FLASH_BOOT)
Saved PC:0x40375a2c
SPIWP:0xee
mode:DIO, clock div:1
load:0x3fce2810,len:0x178c
load:0x403c8700,len:0x4
load:0x403c8704,len:0xcb8
load:0x403cb700,len:0x2db0
entry 0x403c8914
[0;32mI (31) boot: ESP-IDF v5.3.1-dirty 2nd stage bootloader[0m
[0;32mI (31) boot: compile time Sep 21 2024 09:34:58[0m
[0;32mI (31) boot: Multicore bootloader[0m
[0;32mI (35) boot: chip revision: v0.2[0m
[0;32mI (39) boot.esp32s3: Boot SPI Speed : 80MHz[0m
[0;32mI (44) boot.esp32s3: SPI Mode       : DIO[0m
[0;32mI (48) boot.esp32s3: SPI Flash Size : 2MB[0m
[0;32mI (53) boot: Enabling RNG early entropy source...[0m
[0;32mI (58) boot: Partition Table:[0m
[0;32mI (62) boot: ## Label            Usage          Type ST Offset   Length[0m
[0;32mI (69) boot:  0 nvs              WiFi data        01 02 00009000 00006000[0m
[0;32mI (77) boot:  1 phy_init         RF data          01 01 0000f000 00001000[0m
[0;32mI (84) boot:  2 factory          factory app      00 00 00010000 00100000[0m
[0;32mI (92) boot: End of partition table[0m
[0;32mI (96) esp_image: segment 0: paddr=00010020 vaddr=3c050020 size=144c4h ( 83140) map[0m
[0;32mI (119) esp_image: segment 1: paddr=000244ec vaddr=3fc92e00 size=02b04h ( 11012) load[0m
[0;32mI (122) esp_image: segment 2: paddr=00026ff8 vaddr=40374000 size=09020h ( 36896) load[0m
[0;32mI (133) esp_image: segment 3: paddr=00030020 vaddr=42000020 size=49004h (299012) map[0m
[0;32mI (187) esp_image: segment 4: paddr=0007902c vaddr=4037d020 size=05d84h ( 23940) load[0m
[0;32mI (199) boot: Loaded app from partition at offset 0x10000[0m
[0;32mI (199) boot: Disabling RNG early entropy source...[0m
[0;32mI (211) cpu_start: Multicore app[0m
[0;32mI (220) cpu_start: Pro cpu start user code[0m
[0;32mI (220) cpu_start: cpu freq: 160000000 Hz[0m
[0;32mI (220) app_init: Application information:[0m
[0;32mI (223) app_init: Project name:     usb-msc[0m
[0;32mI (228) app_init: App version:      d527dd2-dirty[0m
[0;32mI (233) app_init: Compile time:     Sep 22 2024 10:14:04[0m
[0;32mI (239) app_init: ELF file SHA256:  10d795b90...[0m
[0;32mI (245) app_init: ESP-IDF:          v5.3.1-dirty[0m
[0;32mI (250) efuse_init: Min chip rev:     v0.0[0m
[0;32mI (255) efuse_init: Max chip rev:     v0.99 [0m
[0;32mI (260) efuse_init: Chip rev:         v0.2[0m
[0;32mI (264) heap_init: Initializing. RAM available for dynamic allocation:[0m
[0;32mI (272) heap_init: At 3FC96958 len 00052DB8 (331 KiB): RAM[0m
[0;32mI (278) heap_init: At 3FCE9710 len 00005724 (21 KiB): RAM[0m
[0;32mI (284) heap_init: At 3FCF0000 len 00008000 (32 KiB): DRAM[0m
[0;32mI (290) heap_init: At 600FE100 len 00001EE8 (7 KiB): RTCRAM[0m
[0;32mI (297) spi_flash: detected chip: gd[0m
[0;32mI (300) spi_flash: flash io: dio[0m
[0;33mW (304) spi_flash: Detected size(16384k) larger than the size in the binary image header(2048k). Using the size in the binary image header.[0m
[0;32mI (318) sleep: Configure to isolate all GPIO pins in sleep state[0m
[0;32mI (325) sleep: Enable automatic switching of GPIO sleep configuration[0m
[0;32mI (332) main_task: Started on CPU0[0m
[0;32mI (352) main_task: Calling app_main()[0m
[0;32mI (352) gpio: GPIO[0]| InputEn: 1| OutputEn: 0| OpenDrain: 0| Pullup: 1| Pulldown: 0| Intr:2 [0m
[0;32mI (352) example: Waiting for USB flash drive to be connected[0m

assert failed: tcpip_send_msg_wait_sem /IDF/components/lwip/lwip/src/api/tcpip.c:449 (Invalid mbox)


Backtrace: 0x40375af2:0x3fc98fa0 0x4037a18d:0x3fc98fc0 0x40380dd5:0x3fc98fe0 0x4201f316:0x3fc99100 0x4202b2a9:0x3fc99130 0x4202b332:0x3fc99150 0x4201f171:0x3fc991a0 0x4201b5cd:0x3fc991c0 0x4201bc95:0x3fc99220 0x4200ac7c:0x3fc99250 0x4200b226:0x3fc992f0 0x42048503:0x3fc99430 0x4037ac21:0x3fc99460




ELF file SHA256: 10d795b90

Rebooting...
ï¿½ï¿½ï¿½ESP-ROM:esp32s3-20210327
Build:Mar 27 2021
rst:0xc (RTC_SW_CPU_RST),boot:0x2b (SPI_FAST_FLASH_BOOT)
Saved PC:0x40375a2c
SPIWP:0xee
mode:DIO, clock div:1
load:0x3fce2810,len:0x178c
load:0x403c8700,len:0x4
load:0x403c8704,len:0xcb8
load:0x403cb700,len:0x2db0
entry 0x403c8914
[0;32mI (31) boot: ESP-IDF v5.3.1-dirty 2nd stage bootloader[0m
[0;32mI (31) boot: compile time Sep 21 2024 09:34:58[0m
[0;32mI (31) boot: Multicore bootloader[0m
[0;32mI (35) boot: chip revision: v0.2[0m
[0;32mI (39) boot.esp32s3: Boot SPI Speed : 80MHz[0m
[0;32mI (44) boot.esp32s3: SPI Mode       : DIO[0m
[0;32mI (48) boot.esp32s3: SPI Flash Size : 2MB[0m
[0;32mI (53) boot: Enabling RNG early entropy source...[0m
[0;32mI (58) boot: Partition Table:[0m
[0;32mI (62) boot: ## Label            Usage          Type ST Offset   Length[0m
[0;32mI (69) boot:  0 nvs              WiFi data        01 02 00009000 00006000[0m
[0;32mI (77) boot:  1 phy_init         RF data          01 01 0000f000 00001000[0m
[0;32mI (84) boot:  2 factory          factory app      00 00 00010000 00100000[0m
[0;32mI (92) boot: End of partition table[0m
[0;32mI (96) esp_image: segment 0: paddr=00010020 vaddr=3c050020 size=144c4h ( 83140) map[0m
[0;32mI (119) esp_image: segment 1: paddr=000244ec vaddr=3fc92e00 size=02b04h ( 11012) load[0m
[0;32mI (122) esp_image: segment 2: paddr=00026ff8 vaddr=40374000 size=09020h ( 36896) load[0m
[0;32mI (133) esp_image: segment 3: paddr=00030020 vaddr=42000020 size=49004h (299012) map[0m
[0;32mI (187) esp_image: segment 4: paddr=0007902c vaddr=4037d020 size=05d84h ( 23940) load[0m
[0;32mI (199) boot: Loaded app from partition at offset 0x10000[0m
[0;32mI (199) boot: Disabling RNG early entropy source...[0m
[0;32mI (211) cpu_start: Multicore app[0m
[0;32mI (220) cpu_start: Pro cpu start user code[0m
[0;32mI (220) cpu_start: cpu freq: 160000000 Hz[0m
[0;32mI (220) app_init: Application information:[0m
[0;32mI (223) app_init: Project name:     usb-msc[0m
[0;32mI (228) app_init: App version:      d527dd2-dirty[0m
[0;32mI (233) app_init: Compile time:     Sep 22 2024 10:14:04[0m
[0;32mI (239) app_init: ELF file SHA256:  10d795b90...[0m
[0;32mI (245) app_init: ESP-IDF:          v5.3.1-dirty[0m
[0;32mI (250) efuse_init: Min chip rev:     v0.0[0m
[0;32mI (255) efuse_init: Max chip rev:     v0.99 [0m
[0;32mI (260) efuse_init: Chip rev:         v0.2[0m
[0;32mI (264) heap_init: Initializing. RAM available for dynamic allocation:[0m
[0;32mI (272) heap_init: At 3FC96958 len 00052DB8 (331 KiB): RAM[0m
[0;32mI (278) heap_init: At 3FCE9710 len 00005724 (21 KiB): RAM[0m
[0;32mI (284) heap_init: At 3FCF0000 len 00008000 (32 KiB): DRAM[0m
[0;32mI (290) heap_init: At 600FE100 len 00001EE8 (7 KiB): RTCRAM[0m
[0;32mI (297) spi_flash: detected chip: gd[0m
[0;32mI (300) spi_flash: flash io: dio[0m
[0;33mW (304) spi_flash: Detected size(16384k) larger than the size in the binary image header(2048k). Using the size in the binary image header.[0m
[0;32mI (318) sleep: Configure to isolate all GPIO pins in sleep state[0m
[0;32mI (325) sleep: Enable automatic switching of GPIO sleep configuration[0m
[0;32mI (332) main_task: Started on CPU0[0m
[0;32mI (352) main_task: Calling app_main()[0m
[0;32mI (352) gpio: GPIO[0]| InputEn: 1| OutputEn: 0| OpenDrain: 0| Pullup: 1| Pulldown: 0| Intr:2 [0m
[0;32mI (352) example: Waiting for USB flash drive to be connected[0m

assert failed: tcpip_send_msg_wait_sem /IDF/components/lwip/lwip/src/api/tcpip.c:449 (Invalid mbox)


Backtrace: 0x40375af2:0x3fc98fa0 0x4037a18d:0x3fc98fc0 0x40380dd5:0x3fc98fe0 0x4201f316:0x3fc99100 0x4202b2a9:0x3fc99130 0x4202b332:0x3fc99150 0x4201f171:0x3fc991a0 0x4201b5cd:0x3fc991c0 0x4201bc95:0x3fc99220 0x4200ac7c:0x3fc99250 0x4200b226:0x3fc992f0 0x42048503:0x3fc99430 0x4037ac21:0x3fc99460




ELF file SHA256: 10d795b90

Rebooting...
ï¿½ï¿½ï¿½ESP-ROM:esp32s3-20210327
Build:Mar 27 2021
rst:0xc (RTC_SW_CPU_RST),boot:0x2b (SPI_FAST_FLASH_BOOT)
Saved PC:0x40375a2c
SPIWP:0xee
mode:DIO, clock div:1
load:0x3fce2810,len:0x178c
load:0x403c8700,len:0x4
load:0x403c8704,len:0xcb8
load:0x403cb700,len:0x2db0
entry 0x403c8914
[0;32mI (31) boot: ESP-IDF v5.3.1-dirty 2nd stage bootloader[0m
[0;32mI (31) boot: compile time Sep 21 2024 09:34:58[0m
[0;32mI (31) boot: Multicore bootloader[0m
[0;32mI (35) boot: chip revision: v0.2[0m
[0;32mI (39) boot.esp32s3: Boot SPI Speed : 80MHz[0m
[0;32mI (44) boot.esp32s3: SPI Mode       : DIO[0m
[0;32mI (48) boot.esp32s3: SPI Flash Size : 2MB[0m
[0;32mI (53) boot: Enabling RNG early entropy source...[0m
[0;32mI (58) boot: Partition Table:[0m
[0;32mI (62) boot: ## Label            Usage          Type ST Offset   Length[0m
[0;32mI (69) boot:  0 nvs              WiFi data        01 02 00009000 00006000[0m
[0;32mI (77) boot:  1 phy_init         RF data          01 01 0000f000 00001000[0m
[0;32mI (84) boot:  2 factory          factory app      00 00 00010000 00100000[0m
[0;32mI (92) boot: End of partition table[0m
[0;32mI (96) esp_image: segment 0: paddr=00010020 vaddr=3c050020 size=144c4h ( 83140) map[0m
[0;32mI (119) esp_image: segment 1: paddr=000244ec vaddr=3fc92e00 size=02b04h ( 11012) load[0m
[0;32mI (122) esp_image: segment 2: paddr=00026ff8 vaddr=40374000 size=09020h ( 36896) load[0m
[0;32mI (133) esp_image: segment 3: paddr=00030020 vaddr=42000020 size=49004h (299012) map[0m
[0;32mI (187) esp_image: segment 4: paddr=0007902c vaddr=4037d020 size=05d84h ( 23940) load[0m
[0;32mI (199) boot: Loaded app from partition at offset 0x10000[0m
[0;32mI (199) boot: Disabling RNG early entropy source...[0m
[0;32mI (211) cpu_start: Multicore app[0m
[0;32mI (220) cpu_start: Pro cpu start user code[0m
[0;32mI (220) cpu_start: cpu freq: 160000000 Hz[0m
[0;32mI (220) app_init: Application information:[0m
[0;32mI (223) app_init: Project name:     usb-msc[0m
[0;32mI (228) app_init: App version:      d527dd2-dirty[0m
[0;32mI (233) app_init: Compile time:     Sep 22 2024 10:14:04[0m
[0;32mI (239) app_init: ELF file SHA256:  10d795b90...[0m
[0;32mI (245) app_init: ESP-IDF:          v5.3.1-dirty[0m
[0;32mI (250) efuse_init: Min chip rev:     v0.0[0m
[0;32mI (255) efuse_init: Max chip rev:     v0.99 [0m
[0;32mI (260) efuse_init: Chip rev:         v0.2[0m
[0;32mI (264) heap_init: Initializing. RAM available for dynamic allocation:[0m
[0;32mI (272) heap_init: At 3FC96958 len 00052DB8 (331 KiB): RAM[0m
[0;32mI (278) heap_init: At 3FCE9710 len 00005724 (21 KiB): RAM[0m
[0;32mI (284) heap_init: At 3FCF0000 len 00008000 (32 KiB): DRAM[0m
[0;32mI (290) heap_init: At 600FE100 len 00001EE8 (7 KiB): RTCRAM[0m
[0;32mI (297) spi_flash: detected chip: gd[0m
[0;32mI (300) spi_flash: flash io: dio[0m
[0;33mW (304) spi_flash: Detected size(16384k) larger than the size in the binary image header(2048k). Using the size in the binary image header.[0m
[0;32mI (318) sleep: Configure to isolate all GPIO pins in sleep state[0m
[0;32mI (325) sleep: Enable automatic switching of GPIO sleep configuration[0m
[0;32mI (332) main_task: Started on CPU0[0m
[0;32mI (352) main_task: Calling app_main()[0m
[0;32mI (352) gpio: GPIO[0]| InputEn: 1| OutputEn: 0| OpenDrain: 0| Pullup: 1| Pulldown: 0| Intr:2 [0m
[0;32mI (352) example: Waiting for USB flash drive to be connected[0m

assert failed: tcpip_send_msg_wait_sem /IDF/components/lwip/lwip/src/api/tcpip.c:449 (Invalid mbox)


Backtrace: 0x40375af2:0x3fc98fa0 0x4037a18d:0x3fc98fc0 0x40380dd5:0x3fc98fe0 0x4201f316:0x3fc99100 0x4202b2a9:0x3fc99130 0x4202b332:0x3fc99150 0x4201f171:0x3fc991a0 0x4201b5cd:0x3fc991c0 0x4201bc95:0x3fc99220 0x4200ac7c:0x3fc99250 0x4200b226:0x3fc992f0 0x42048503:0x3fc99430 0x4037ac21:0x3fc99460




ELF file SHA256: 10d795b90

Rebooting...
ï¿½ï¿½ï¿½ESP-ROM:esp32s3-20210327
Build:Mar 27 2021
rst:0xc (RTC_SW_CPU_RST),boot:0x2b (SPI_FAST_FLASH_BOOT)
Saved PC:0x40375a2c
SPIWP:0xee
mode:DIO, clock div:1
load:0x3fce2810,len:0x178c
load:0x403c8700,len:0x4
load:0x403c8704,len:0xcb8
load:0x403cb700,len:0x2db0
entry 0x403c8914
[0;32mI (31) boot: ESP-IDF v5.3.1-dirty 2nd stage bootloader[0m
[0;32mI (31) boot: compile time Sep 21 2024 09:34:58[0m
[0;32mI (31) boot: Multicore bootloader[0m
[0;32mI (35) boot: chip revision: v0.2[0m
[0;32mI (39) boot.esp32s3: Boot SPI Speed : 80MHz[0m
[0;32mI (44) boot.esp32s3: SPI Mode       : DIO[0m
[0;32mI (48) boot.esp32s3: SPI Flash Size : 2MB[0m
[0;32mI (53) boot: Enabling RNG early entropy source...[0m
[0;32mI (58) boot: Partition Table:[0m
[0;32mI (62) boot: ## Label            Usage          Type ST Offset   Length[0m
[0;32mI (69) boot:  0 nvs              WiFi data        01 02 00009000 00006000[0m
[0;32mI (77) boot:  1 phy_init         RF data          01 01 0000f000 00001000[0m
[0;32mI (84) boot:  2 factory          factory app      00 00 00010000 00100000[0m
[0;32mI (92) boot: End of partition table[0m
[0;32mI (96) esp_image: segment 0: paddr=00010020 vaddr=3c050020 size=144c4h ( 83140) map[0m
[0;32mI (119) esp_image: segment 1: paddr=000244ec vaddr=3fc92e00 size=02b04h ( 11012) load[0m
[0;32mI (122) esp_image: segment 2: paddr=00026ff8 vaddr=40374000 size=09020h ( 36896) load[0m
[0;32mI (133) esp_image: segment 3: paddr=00030020 vaddr=42000020 size=49004h (299012) map[0m
[0;32mI (187) esp_image: segment 4: paddr=0007902c vaddr=4037d020 size=05d84h ( 23940) load[0m
[0;32mI (199) boot: Loaded app from partition at offset 0x10000[0m
[0;32mI (199) boot: Disabling RNG early entropy source...[0m
[0;32mI (211) cpu_start: Multicore app[0m
[0;32mI (220) cpu_start: Pro cpu start user code[0m
[0;32mI (220) cpu_start: cpu freq: 160000000 Hz[0m
[0;32mI (220) app_init: Application information:[0m
[0;32mI (223) app_init: Project name:     usb-msc[0m
[0;32mI (228) app_init: App version:      d527dd2-dirty[0m
[0;32mI (233) app_init: Compile time:     Sep 22 2024 10:14:04[0m
[0;32mI (239) app_init: ELF file SHA256:  10d795b90...[0m
[0;32mI (245) app_init: ESP-IDF:          v5.3.1-dirty[0m
[0;32mI (250) efuse_init: Min chip rev:     v0.0[0m
[0;32mI (255) efuse_init: Max chip rev:     v0.99 [0m
[0;32mI (260) efuse_init: Chip rev:         v0.2[0m
[0;32mI (264) heap_init: Initializing. RAM available for dynamic allocation:[0m
[0;32mI (272) heap_init: At 3FC96958 len 00052DB8 (331 KiB): RAM[0m
[0;32mI (278) heap_init: At 3FCE9710 len 00005724 (21 KiB): RAM[0m
[0;32mI (284) heap_init: At 3FCF0000 len 00008000 (32 KiB): DRAM[0m
[0;32mI (290) heap_init: At 600FE100 len 00001EE8 (7 KiB): RTCRAM[0m
[0;32mI (297) spi_flash: detected chip: gd[0m
[0;32mI (300) spi_flash: flash io: dio[0m
[0;33mW (304) spi_flash: Detected size(16384k) larger than the size in the binary image header(2048k). Using the size in the binary image header.[0m
[0;32mI (318) sleep: Configure to isolate all GPIO pins in sleep state[0m
[0;32mI (325) sleep: Enable automatic switching of GPIO sleep configuration[0m
[0;32mI (332) main_task: Started on CPU0[0m
[0;32mI (352) main_task: Calling app_main()[0m
[0;32mI (352) gpio: GPIO[0]| InputEn: 1| OutputEn: 0| OpenDrain: 0| Pullup: 1| Pulldown: 0| Intr:2 [0m
[0;32mI (352) example: Waiting for USB flash drive to be connected[0m

assert failed: tcpip_send_msg_wait_sem /IDF/components/lwip/lwip/src/api/tcpip.c:449 (Invalid mbox)


Backtrace: 0x40375af2:0x3fc98fa0 0x4037a18d:0x3fc98fc0 0x40380dd5:0x3fc98fe0 0x4201f316:0x3fc99100 0x4202b2a9:0x3fc99130 0x4202b332:0x3fc99150 0x4201f171:0x3fc991a0 0x4201b5cd:0x3fc991c0 0x4201bc95:0x3fc99220 0x4200ac7c:0x3fc99250 0x4200b226:0x3fc992f0 0x42048503:0x3fc99430 0x4037ac21:0x3fc99460




ELF file SHA256: 10d795b90

Rebooting...
ï¿½ï¿½ï¿½ESP-ROM:esp32s3-20210327
Build:Mar 27 2021
rst:0xc (RTC_SW_CPU_RST),boot:0x2b (SPI_FAST_FLASH_BOOT)
Saved PC:0x40375a2c
SPIWP:0xee
mode:DIO, clock div:1
load:0x3fce2810,len:0x178c
load:0x403c8700,len:0x4
load:0x403c8704,len:0xcb8
load:0x403cb700,len:0x2db0
entry 0x403c8914
[0;32mI (31) boot: ESP-IDF v5.3.1-dirty 2nd stage bootloader[0m
[0;32mI (31) boot: compile time Sep 21 2024 09:34:58[0m
[0;32mI (31) boot: Multicore bootloader[0m
[0;32mI (35) boot: chip revision: v0.2[0m
[0;32mI (39) boot.esp32s3: Boot SPI Speed : 80MHz[0m
[0;32mI (44) boot.esp32s3: SPI Mode       : DIO[0m
[0;32mI (48) boot.esp32s3: SPI Flash Size : 2MB[0m
[0;32mI (53) boot: Enabling RNG early entropy source...[0m
[0;32mI (58) boot: Partition Table:[0m
[0;32mI (62) boot: ## Label            Usage          Type ST Offset   Length[0m
[0;32mI (69) boot:  0 nvs              WiFi data        01 02 00009000 00006000[0m
[0;32mI (77) boot:  1 phy_init         RF data          01 01 0000f000 00001000[0m
[0;32mI (84) boot:  2 factory          factory app      00 00 00010000 00100000[0m
[0;32mI (92) boot: End of partition table[0m
[0;32mI (96) esp_image: segment 0: paddr=00010020 vaddr=3c050020 size=144c4h ( 83140) map[0m
[0;32mI (119) esp_image: segment 1: paddr=000244ec vaddr=3fc92e00 size=02b04h ( 11012) load[0m
[0;32mI (122) esp_image: segment 2: paddr=00026ff8 vaddr=40374000 size=09020h ( 36896) load[0m
[0;32mI (133) esp_image: segment 3: paddr=00030020 vaddr=42000020 size=49004h (299012) map[0m
[0;32mI (187) esp_image: segment 4: paddr=0007902c vaddr=4037d020 size=05d84h ( 23940) load[0m
[0;32mI (199) boot: Loaded app from partition at offset 0x10000[0m
[0;32mI (199) boot: Disabling RNG early entropy source...[0m
[0;32mI (211) cpu_start: Multicore app[0m
[0;32mI (220) cpu_start: Pro cpu start user code[0m
[0;32mI (220) cpu_start: cpu freq: 160000000 Hz[0m
[0;32mI (220) app_init: Application information:[0m
[0;32mI (223) app_init: Project name:     usb-msc[0m
[0;32mI (228) app_init: App version:      d527dd2-dirty[0m
[0;32mI (233) app_init: Compile time:     Sep 22 2024 10:14:04[0m
[0;32mI (239) app_init: ELF file SHA256:  10d795b90...[0m
[0;32mI (245) app_init: ESP-IDF:          v5.3.1-dirty[0m
[0;32mI (250) efuse_init: Min chip rev:     v0.0[0m
[0;32mI (255) efuse_init: Max chip rev:     v0.99 [0m
[0;32mI (260) efuse_init: Chip rev:         v0.2[0m
[0;32mI (264) heap_init: Initializing. RAM available for dynamic allocation:[0m
[0;32mI (272) heap_init: At 3FC96958 len 00052DB8 (331 KiB): RAM[0m
[0;32mI (278) heap_init: At 3FCE9710 len 00005724 (21 KiB): RAM[0m
[0;32mI (284) heap_init: At 3FCF0000 len 00008000 (32 KiB): DRAM[0m
[0;32mI (290) heap_init: At 600FE100 len 00001EE8 (7 KiB): RTCRAM[0m
[0;32mI (297) spi_flash: detected chip: gd[0m
[0;32mI (300) spi_flash: flash io: dio[0m
[0;33mW (304) spi_flash: Detected size(16384k) larger than the size in the binary image header(2048k). Using the size in the binary image header.[0m
[0;32mI (318) sleep: Configure to isolate all GPIO pins in sleep state[0m
[0;32mI (325) sleep: Enable automatic switching of GPIO sleep configuration[0m
[0;32mI (332) main_task: Started on CPU0[0m
[0;32mI (352) main_task: Calling app_main()[0m
[0;32mI (352) gpio: GPIO[0]| InputEn: 1| OutputEn: 0| OpenDrain: 0| Pullup: 1| Pulldown: 0| Intr:2 [0m
[0;32mI (352) example: Waiting for USB flash drive to be connected[0m

assert failed: tcpip_send_msg_wait_sem /IDF/components/lwip/lwip/src/api/tcpip.c:449 (Invalid mbox)


Backtrace: 0x40375af2:0x3fc98fa0 0x4037a18d:0x3fc98fc0 0x40380dd5:0x3fc98fe0 0x4201f316:0x3fc99100 0x4202b2a9:0x3fc99130 0x4202b332:0x3fc99150 0x4201f171:0x3fc991a0 0x4201b5cd:0x3fc991c0 0x4201bc95:0x3fc99220 0x4200ac7c:0x3fc99250 0x4200b226:0x3fc992f0 0x42048503:0x3fc99430 0x4037ac21:0x3fc99460




ELF file SHA256: 10d795b90

Rebooting...
ï¿½ï¿½ï¿½ESP-ROM:esp32s3-20210327
Build:Mar 27 2021
rst:0xc (RTC_SW_CPU_RST),boot:0x2b (SPI_FAST_FLASH_BOOT)
Saved PC:0x40375a2c
SPIWP:0xee
mode:DIO, clock div:1
load:0x3fce2810,len:0x178c
load:0x403c8700,len:0x4
load:0x403c8704,len:0xcb8
load:0x403cb700,len:0x2db0
entry 0x403c8914
[0;32mI (31) boot: ESP-IDF v5.3.1-dirty 2nd stage bootloader[0m
[0;32mI (31) boot: compile time Sep 21 2024 09:34:58[0m
[0;32mI (31) boot: Multicore bootloader[0m
[0;32mI (35) boot: chip revision: v0.2[0m
[0;32mI (39) boot.esp32s3: Boot SPI Speed : 80MHz[0m
[0;32mI (44) boot.esp32s3: SPI Mode       : DIO[0m
[0;32mI (48) boot.esp32s3: SPI Flash Size : 2MB[0m
[0;32mI (53) boot: Enabling RNG early entropy source...[0m
[0;32mI (58) boot: Partition Table:[0m
[0;32mI (62) boot: ## Label            Usage          Type ST Offset   Length[0m
[0;32mI (69) boot:  0 nvs              WiFi data        01 02 00009000 00006000[0m
[0;32mI (77) boot:  1 phy_init         RF data          01 01 0000f000 00001000[0m
[0;32mI (84) boot:  2 factory          factory app      00 00 00010000 00100000[0m
[0;32mI (92) boot: End of partition table[0m
[0;32mI (96) esp_image: segment 0: paddr=00010020 vaddr=3c050020 size=144c4h ( 83140) map[0m
[0;32mI (119) esp_image: segment 1: paddr=000244ec vaddr=3fc92e00 size=02b04h ( 11012) load[0m
[0;32mI (122) esp_image: segment 2: paddr=00026ff8 vaddr=40374000 size=09020h ( 36896) load[0m
[0;32mI (133) esp_image: segment 3: paddr=00030020 vaddr=42000020 size=49004h (299012) map[0m
[0;32mI (187) esp_image: segment 4: paddr=0007902c vaddr=4037d020 size=05d84h ( 23940) load[0m
[0;32mI (199) boot: Loaded app from partition at offset 0x10000[0m
[0;32mI (199) boot: Disabling RNG early entropy source...[0m
[0;32mI (211) cpu_start: Multicore app[0m
[0;32mI (220) cpu_start: Pro cpu start user code[0m
[0;32mI (220) cpu_start: cpu freq: 160000000 Hz[0m
[0;32mI (220) app_init: Application information:[0m
[0;32mI (223) app_init: Project name:     usb-msc[0m
[0;32mI (228) app_init: App version:      d527dd2-dirty[0m
[0;32mI (233) app_init: Compile time:     Sep 22 2024 10:14:04[0m
[0;32mI (239) app_init: ELF file SHA256:  10d795b90...[0m
[0;32mI (245) app_init: ESP-IDF:          v5.3.1-dirty[0m
[0;32mI (250) efuse_init: Min chip rev:     v0.0[0m
[0;32mI (255) efuse_init: Max chip rev:     v0.99 [0m
[0;32mI (260) efuse_init: Chip rev:         v0.2[0m
[0;32mI (264) heap_init: Initializing. RAM available for dynamic allocation:[0m
[0;32mI (272) heap_init: At 3FC96958 len 00052DB8 (331 KiB): RAM[0m
[0;32mI (278) heap_init: At 3FCE9710 len 00005724 (21 KiB): RAM[0m
[0;32mI (284) heap_init: At 3FCF0000 len 00008000 (32 KiB): DRAM[0m
[0;32mI (290) heap_init: At 600FE100 len 00001EE8 (7 KiB): RTCRAM[0m
[0;32mI (297) spi_flash: detected chip: gd[0m
[0;32mI (300) spi_flash: flash io: dio[0m
[0;33mW (304) spi_flash: Detected size(16384k) larger than the size in the binary image header(2048k). Using the size in the binary image header.[0m
[0;32mI (318) sleep: Configure to isolate all GPIO pins in sleep state[0m
[0;32mI (325) sleep: Enable automatic switching of GPIO sleep configuration[0m
[0;32mI (332) main_task: Started on CPU0[0m
[0;32mI (352) main_task: Calling app_main()[0m
[0;32mI (352) gpio: GPIO[0]| InputEn: 1| OutputEn: 0| OpenDrain: 0| Pullup: 1| Pulldown: 0| Intr:2 [0m
[0;32mI (352) example: Waiting for USB flash drive to be connected[0m

assert failed: tcpip_send_msg_wait_sem /IDF/components/lwip/lwip/src/api/tcpip.c:449 (Invalid mbox)


Backtrace: 0x40375af2:0x3fc98fa0 0x4037a18d:0x3fc98fc0 0x40380dd5:0x3fc98fe0 0x4201f316:0x3fc99100 0x4202b2a9:0x3fc99130 0x4202b332:0x3fc99150 0x4201f171:0x3fc991a0 0x4201b5cd:0x3fc991c0 0x4201bc95:0x3fc99220 0x4200ac7c:0x3fc99250 0x4200b226:0x3fc992f0 0x42048503:0x3fc99430 0x4037ac21:0x3fc99460




ELF file SHA256: 10d795b90

Rebooting...
ï¿½ï¿½ï¿½ESP-ROM:esp32s3-20210327
Build:Mar 27 2021
rst:0xc (RTC_SW_CPU_RST),boot:0x2b (SPI_FAST_FLASH_BOOT)
Saved PC:0x40375a2c
SPIWP:0xee
mode:DIO, clock div:1
load:0x3fce2810,len:0x178c
load:0x403c8700,len:0x4
load:0x403c8704,len:0xcb8
load:0x403cb700,len:0x2db0
entry 0x403c8914
[0;32mI (31) boot: ESP-IDF v5.3.1-dirty 2nd stage bootloader[0m
[0;32mI (31) boot: compile time Sep 21 2024 09:34:58[0m
[0;32mI (31) boot: Multicore bootloader[0m
[0;32mI (35) boot: chip revision: v0.2[0m
[0;32mI (39) boot.esp32s3: Boot SPI Speed : 80MHz[0m
[0;32mI (44) boot.esp32s3: SPI Mode       : DIO[0m
[0;32mI (48) boot.esp32s3: SPI Flash Size : 2MB[0m
[0;32mI (53) boot: Enabling RNG early entropy source...[0m
[0;32mI (58) boot: Partition Table:[0m
[0;32mI (62) boot: ## Label            Usage          Type ST Offset   Length[0m
[0;32mI (69) boot:  0 nvs              WiFi data        01 02 00009000 00006000[0m
[0;32mI (77) boot:  1 phy_init         RF data          01 01 0000f000 00001000[0m
[0;32mI (84) boot:  2 factory          factory app      00 00 00010000 00100000[0m
[0;32mI (92) boot: End of partition table[0m
[0;32mI (96) esp_image: segment 0: paddr=00010020 vaddr=3c050020 size=144c4h ( 83140) map[0m
[0;32mI (119) esp_image: segment 1: paddr=000244ec vaddr=3fc92e00 size=02b04h ( 11012) load[0m
[0;32mI (122) esp_image: segment 2: paddr=00026ff8 vaddr=40374000 size=09020h ( 36896) load[0m
[0;32mI (133) esp_image: segment 3: paddr=00030020 vaddr=42000020 size=49004h (299012) map[0m
[0;32mI (187) esp_image: segment 4: paddr=0007902c vaddr=4037d020 size=05d84h ( 23940) load[0m
[0;32mI (199) boot: Loaded app from partition at offset 0x10000[0m
[0;32mI (199) boot: Disabling RNG early entropy source...[0m
[0;32mI (211) cpu_start: Multicore app[0m
[0;32mI (220) cpu_start: Pro cpu start user code[0m
[0;32mI (220) cpu_start: cpu freq: 160000000 Hz[0m
[0;32mI (220) app_init: Application information:[0m
[0;32mI (223) app_init: Project name:     usb-msc[0m
[0;32mI (228) app_init: App version:      d527dd2-dirty[0m
[0;32mI (233) app_init: Compile time:     Sep 22 2024 10:14:04[0m
[0;32mI (239) app_init: ELF file SHA256:  10d795b90...[0m
[0;32mI (245) app_init: ESP-IDF:          v5.3.1-dirty[0m
[0;32mI (250) efuse_init: Min chip rev:     v0.0[0m
[0;32mI (255) efuse_init: Max chip rev:     v0.99 [0m
[0;32mI (260) efuse_init: Chip rev:         v0.2[0m
[0;32mI (264) heap_init: Initializing. RAM available for dynamic allocation:[0m
[0;32mI (272) heap_init: At 3FC96958 len 00052DB8 (331 KiB): RAM[0m
[0;32mI (278) heap_init: At 3FCE9710 len 00005724 (21 KiB): RAM[0m
[0;32mI (284) heap_init: At 3FCF0000 len 00008000 (32 KiB): DRAM[0m
[0;32mI (290) heap_init: At 600FE100 len 00001EE8 (7 KiB): RTCRAM[0m
[0;32mI (297) spi_flash: detected chip: gd[0m
[0;32mI (300) spi_flash: flash io: dio[0m
[0;33mW (304) spi_flash: Detected size(16384k) larger than the size in the binary image header(2048k). Using the size in the binary image header.[0m
[0;32mI (318) sleep: Configure to isolate all GPIO pins in sleep state[0m
[0;32mI (325) sleep: Enable automatic switching of GPIO sleep configuration[0m
[0;32mI (332) main_task: Started on CPU0[0m
[0;32mI (352) main_task: Calling app_main()[0m
[0;32mI (352) gpio: GPIO[0]| InputEn: 1| OutputEn: 0| OpenDrain: 0| Pullup: 1| Pulldown: 0| Intr:2 [0m
[0;32mI (352) example: Waiting for USB flash drive to be connected[0m

assert failed: tcpip_send_msg_wait_sem /IDF/components/lwip/lwip/src/api/tcpip.c:449 (Invalid mbox)


Backtrace: 0x40375af2:0x3fc98fa0 0x4037a18d:0x3fc98fc0 0x40380dd5:0x3fc98fe0 0x4201f316:0x3fc99100 0x4202b2a9:0x3fc99130 0x4202b332:0x3fc99150 0x4201f171:0x3fc991a0 0x4201b5cd:0x3fc991c0 0x4201bc95:0x3fc99220 0x4200ac7c:0x3fc99250 0x4200b226:0x3fc992f0 0x42048503:0x3fc99430 0x4037ac21:0x3fc99460




ELF file SHA256: 10d795b90

Rebooting...
ï¿½ï¿½ï¿½ESP-ROM:esp32s3-20210327
Build:Mar 27 2021
rst:0xc (RTC_SW_CPU_RST),boot:0x2b (SPI_FAST_FLASH_BOOT)
Saved PC:0x40375a2c
SPIWP:0xee
mode:DIO, clock div:1
load:0x3fce2810,len:0x178c
load:0x403c8700,len:0x4
load:0x403c8704,len:0xcb8
load:0x403cb700,len:0x2db0
entry 0x403c8914
[0;32mI (31) boot: ESP-IDF v5.3.1-dirty 2nd stage bootloader[0m
[0;32mI (31) boot: compile time Sep 21 2024 09:34:58[0m
[0;32mI (31) boot: Multicore bootloader[0m
[0;32mI (35) boot: chip revision: v0.2[0m
[0;32mI (39) boot.esp32s3: Boot SPI Speed : 80MHz[0m
[0;32mI (44) boot.esp32s3: SPI Mode       : DIO[0m
[0;32mI (48) boot.esp32s3: SPI Flash Size : 2MB[0m
[0;32mI (53) boot: Enabling RNG early entropy source...[0m
[0;32mI (58) boot: Partition Table:[0m
[0;32mI (62) boot: ## Label            Usage          Type ST Offset   Length[0m
[0;32mI (69) boot:  0 nvs              WiFi data        01 02 00009000 00006000[0m
[0;32mI (77) boot:  1 phy_init         RF data          01 01 0000f000 00001000[0m
[0;32mI (84) boot:  2 factory          factory app      00 00 00010000 00100000[0m
[0;32mI (92) boot: End of partition table[0m
[0;32mI (96) esp_image: segment 0: paddr=00010020 vaddr=3c050020 size=144c4h ( 83140) map[0m
[0;32mI (119) esp_image: segment 1: paddr=000244ec vaddr=3fc92e00 size=02b04h ( 11012) load[0m
[0;32mI (122) esp_image: segment 2: paddr=00026ff8 vaddr=40374000 size=09020h ( 36896) load[0m
[0;32mI (133) esp_image: segment 3: paddr=00030020 vaddr=42000020 size=49004h (299012) map[0m
[0;32mI (187) esp_image: segment 4: paddr=0007902c vaddr=4037d020 size=05d84h ( 23940) load[0m
[0;32mI (199) boot: Loaded app from partition at offset 0x10000[0m
[0;32mI (199) boot: Disabling RNG early entropy source...[0m
[0;32mI (211) cpu_start: Multicore app[0m
[0;32mI (220) cpu_start: Pro cpu start user code[0m
[0;32mI (220) cpu_start: cpu freq: 160000000 Hz[0m
[0;32mI (220) app_init: Application information:[0m
[0;32mI (223) app_init: Project name:     usb-msc[0m
[0;32mI (228) app_init: App version:      d527dd2-dirty[0m
[0;32mI (233) app_init: Compile time:     Sep 22 2024 10:14:04[0m
[0;32mI (239) app_init: ELF file SHA256:  10d795b90...[0m
[0;32mI (245) app_init: ESP-IDF:          v5.3.1-dirty[0m
[0;32mI (250) efuse_init: Min chip rev:     v0.0[0m
[0;32mI (255) efuse_init: Max chip rev:     v0.99 [0m
[0;32mI (260) efuse_init: Chip rev:         v0.2[0m
[0;32mI (264) heap_init: Initializing. RAM available for dynamic allocation:[0m
[0;32mI (272) heap_init: At 3FC96958 len 00052DB8 (331 KiB): RAM[0m
[0;32mI (278) heap_init: At 3FCE9710 len 00005724 (21 KiB): RAM[0m
[0;32mI (284) heap_init: At 3FCF0000 len 00008000 (32 KiB): DRAM[0m
[0;32mI (290) heap_init: At 600FE100 len 00001EE8 (7 KiB): RTCRAM[0m
[0;32mI (297) spi_flash: detected chip: gd[0m
[0;32mI (300) spi_flash: flash io: dio[0m
[0;33mW (304) spi_flash: Detected size(16384k) larger than the size in the binary image header(2048k). Using the size in the binary image header.[0m
[0;32mI (318) sleep: Configure to isolate all GPIO pins in sleep state[0m
[0;32mI (325) sleep: Enable automatic switching of GPIO sleep configuration[0m
[0;32mI (332) main_task: Started on CPU0[0m
[0;32mI (352) main_task: Calling app_main()[0m
[0;32mI (352) gpio: GPIO[0]| InputEn: 1| OutputEn: 0| OpenDrain: 0| Pullup: 1| Pulldown: 0| Intr:2 [0m
[0;32mI (352) example: Waiting for USB flash drive to be connected[0m

assert failed: tcpip_send_msg_wait_sem /IDF/components/lwip/lwip/src/api/tcpip.c:449 (Invalid mbox)


Backtrace: 0x40375af2:0x3fc98fa0 0x4037a18d:0x3fc98fc0 0x40380dd5:0x3fc98fe0 0x4201f316:0x3fc99100 0x4202b2a9:0x3fc99130 0x4202b332:0x3fc99150 0x4201f171:0x3fc991a0 0x4201b5cd:0x3fc991c0 0x4201bc95:0x3fc99220 0x4200ac7c:0x3fc99250 0x4200b226:0x3fc992f0 0x42048503:0x3fc99430 0x4037ac21:0x3fc99460




ELF file SHA256: 10d795b90

Rebooting...
ï¿½ï¿½ï¿½ESP-ROM:esp32s3-20210327
Build:Mar 27 2021
rst:0xc (RTC_SW_CPU_RST),boot:0x2b (SPI_FAST_FLASH_BOOT)
Saved PC:0x40375a2c
SPIWP:0xee
mode:DIO, clock div:1
load:0x3fce2810,len:0x178c
load:0x403c8700,len:0x4
load:0x403c8704,len:0xcb8
load:0x403cb700,len:0x2db0
entry 0x403c8914
[0;32mI (31) boot: ESP-IDF v5.3.1-dirty 2nd stage bootloader[0m
[0;32mI (31) boot: compile time Sep 21 2024 09:34:58[0m
[0;32mI (31) boot: Multicore bootloader[0m
[0;32mI (35) boot: chip revision: v0.2[0m
[0;32mI (39) boot.esp32s3: Boot SPI Speed : 80MHz[0m
[0;32mI (44) boot.esp32s3: SPI Mode       : DIO[0m
[0;32mI (48) boot.esp32s3: SPI Flash Size : 2MB[0m
[0;32mI (53) boot: Enabling RNG early entropy source...[0m
[0;32mI (58) boot: Partition Table:[0m
[0;32mI (62) boot: ## Label            Usage          Type ST Offset   Length[0m
[0;32mI (69) boot:  0 nvs              WiFi data        01 02 00009000 00006000[0m
[0;32mI (77) boot:  1 phy_init         RF data          01 01 0000f000 00001000[0m
[0;32mI (84) boot:  2 factory          factory app      00 00 00010000 00100000[0m
[0;32mI (92) boot: End of partition table[0m
[0;32mI (96) esp_image: segment 0: paddr=00010020 vaddr=3c050020 size=144c4h ( 83140) map[0m
[0;32mI (119) esp_image: segment 1: paddr=000244ec vaddr=3fc92e00 size=02b04h ( 11012) load[0m
[0;32mI (122) esp_image: segment 2: paddr=00026ff8 vaddr=40374000 size=09020h ( 36896) load[0m
[0;32mI (133) esp_image: segment 3: paddr=00030020 vaddr=42000020 size=49004h (299012) map[0m
[0;32mI (187) esp_image: segment 4: paddr=0007902c vaddr=4037d020 size=05d84h ( 23940) load[0m
[0;32mI (199) boot: Loaded app from partition at offset 0x10000[0m
[0;32mI (199) boot: Disabling RNG early entropy source...[0m
[0;32mI (211) cpu_start: Multicore app[0m
[0;32mI (220) cpu_start: Pro cpu start user code[0m
[0;32mI (220) cpu_start: cpu freq: 160000000 Hz[0m
[0;32mI (220) app_init: Application information:[0m
[0;32mI (223) app_init: Project name:     usb-msc[0m
[0;32mI (228) app_init: App version:      d527dd2-dirty[0m
[0;32mI (233) app_init: Compile time:     Sep 22 2024 10:14:04[0m
[0;32mI (239) app_init: ELF file SHA256:  10d795b90...[0m
[0;32mI (245) app_init: ESP-IDF:          v5.3.1-dirty[0m
[0;32mI (250) efuse_init: Min chip rev:     v0.0[0m
[0;32mI (255) efuse_init: Max chip rev:     v0.99 [0m
[0;32mI (260) efuse_init: Chip rev:         v0.2[0m
[0;32mI (264) heap_init: Initializing. RAM available for dynamic allocation:[0m
[0;32mI (272) heap_init: At 3FC96958 len 00052DB8 (331 KiB): RAM[0m
[0;32mI (278) heap_init: At 3FCE9710 len 00005724 (21 KiB): RAM[0m
[0;32mI (284) heap_init: At 3FCF0000 len 00008000 (32 KiB): DRAM[0m
[0;32mI (290) heap_init: At 600FE100 len 00001EE8 (7 KiB): RTCRAM[0m
[0;32mI (297) spi_flash: detected chip: gd[0m
[0;32mI (300) spi_flash: flash io: dio[0m
[0;33mW (304) spi_flash: Detected size(16384k) larger than the size in the binary image header(2048k). Using the size in the binary image header.[0m
[0;32mI (318) sleep: Configure to isolate all GPIO pins in sleep state[0m
[0;32mI (325) sleep: Enable automatic switching of GPIO sleep configuration[0m
[0;32mI (332) main_task: Started on CPU0[0m
[0;32mI (352) main_task: Calling app_main()[0m
[0;32mI (352) gpio: GPIO[0]| InputEn: 1| OutputEn: 0| OpenDrain: 0| Pullup: 1| Pulldown: 0| Intr:2 [0m
[0;32mI (352) example: Waiting for USB flash drive to be connected[0m

assert failed: tcpip_send_msg_wait_sem /IDF/components/lwip/lwip/src/api/tcpip.c:449 (Invalid mbox)


Backtrace: 0x40375af2:0x3fc98fa0 0x4037a18d:0x3fc98fc0 0x40380dd5:0x3fc98fe0 0x4201f316:0x3fc99100 0x4202b2a9:0x3fc99130 0x4202b332:0x3fc99150 0x4201f171:0x3fc991a0 0x4201b5cd:0x3fc991c0 0x4201bc95:0x3fc99220 0x4200ac7c:0x3fc99250 0x4200b226:0x3fc992f0 0x42048503:0x3fc99430 0x4037ac21:0x3fc99460




ELF file SHA256: 10d795b90

Rebooting...
ï¿½ï¿½ï¿½ESP-ROM:esp32s3-20210327
Build:Mar 27 2021
rst:0xc (RTC_SW_CPU_RST),boot:0x2b (SPI_FAST_FLASH_BOOT)
Saved PC:0x40375a2c
SPIWP:0xee
mode:DIO, clock div:1
load:0x3fce2810,len:0x178c
load:0x403c8700,len:0x4
load:0x403c8704,len:0xcb8
load:0x403cb700,len:0x2db0
entry 0x403c8914
[0;32mI (31) boot: ESP-IDF v5.3.1-dirty 2nd stage bootloader[0m
[0;32mI (31) boot: compile time Sep 21 2024 09:34:58[0m
[0;32mI (31) boot: Multicore bootloader[0m
[0;32mI (35) boot: chip revision: v0.2[0m
[0;32mI (39) boot.esp32s3: Boot SPI Speed : 80MHz[0m
[0;32mI (44) boot.esp32s3: SPI Mode       : DIO[0m
[0;32mI (48) boot.esp32s3: SPI Flash Size : 2MB[0m
[0;32mI (53) boot: Enabling RNG early entropy source...[0m
[0;32mI (58) boot: Partition Table:[0m
[0;32mI (62) boot: ## Label            Usage          Type ST Offset   Length[0m
[0;32mI (69) boot:  0 nvs              WiFi data        01 02 00009000 00006000[0m
[0;32mI (77) boot:  1 phy_init         RF data          01 01 0000f000 00001000[0m
[0;32mI (84) boot:  2 factory          factory app      00 00 00010000 00100000[0m
[0;32mI (92) boot: End of partition table[0m
[0;32mI (96) esp_image: segment 0: paddr=00010020 vaddr=3c050020 size=144c4h ( 83140) map[0m
[0;32mI (119) esp_image: segment 1: paddr=000244ec vaddr=3fc92e00 size=02b04h ( 11012) load[0m
[0;32mI (122) esp_image: segment 2: paddr=00026ff8 vaddr=40374000 size=09020h ( 36896) load[0m
[0;32mI (133) esp_image: segment 3: paddr=00030020 vaddr=42000020 size=49004h (299012) map[0m
[0;32mI (187) esp_image: segment 4: paddr=0007902c vaddr=4037d020 size=05d84h ( 23940) load[0m
[0;32mI (199) boot: Loaded app from partition at offset 0x10000[0m
[0;32mI (199) boot: Disabling RNG early entropy source...[0m
[0;32mI (211) cpu_start: Multicore app[0m
[0;32mI (220) cpu_start: Pro cpu start user code[0m
[0;32mI (220) cpu_start: cpu freq: 160000000 Hz[0m
[0;32mI (220) app_init: Application information:[0m
[0;32mI (223) app_init: Project name:     usb-msc[0m
[0;32mI (228) app_init: App version:      d527dd2-dirty[0m
[0;32mI (233) app_init: Compile time:     Sep 22 2024 10:14:04[0m
[0;32mI (239) app_init: ELF file SHA256:  10d795b90...[0m
[0;32mI (245) app_init: ESP-IDF:          v5.3.1-dirty[0m
[0;32mI (250) efuse_init: Min chip rev:     v0.0[0m
[0;32mI (255) efuse_init: Max chip rev:     v0.99 [0m
[0;32mI (260) efuse_init: Chip rev:         v0.2[0m
[0;32mI (264) heap_init: Initializing. RAM available for dynamic allocation:[0m
[0;32mI (272) heap_init: At 3FC96958 len 00052DB8 (331 KiB): RAM[0m
[0;32mI (278) heap_init: At 3FCE9710 len 00005724 (21 KiB): RAM[0m
[0;32mI (284) heap_init: At 3FCF0000 len 00008000 (32 KiB): DRAM[0m
[0;32mI (290) heap_init: At 600FE100 len 00001EE8 (7 KiB): RTCRAM[0m
[0;32mI (297) spi_flash: detected chip: gd[0m
[0;32mI (300) spi_flash: flash io: dio[0m
[0;33mW (304) spi_flash: Detected size(16384k) larger than the size in the binary image header(2048k). Using the size in the binary image header.[0m
[0;32mI (318) sleep: Configure to isolate all GPIO pins in sleep state[0m
[0;32mI (325) sleep: Enable automatic switching of GPIO sleep configuration[0m
[0;32mI (332) main_task: Started on CPU0[0m
[0;32mI (352) main_task: Calling app_main()[0m
[0;32mI (352) gpio: GPIO[0]| InputEn: 1| OutputEn: 0| OpenDrain: 0| Pullup: 1| Pulldown: 0| Intr:2 [0m
[0;32mI (352) example: Waiting for USB flash drive to be connected[0m

assert failed: tcpip_send_msg_wait_sem /IDF/components/lwip/lwip/src/api/tcpip.c:449 (Invalid mbox)


Backtrace: 0x40375af2:0x3fc98fa0 0x4037a18d:0x3fc98fc0 0x40380dd5:0x3fc98fe0 0x4201f316:0x3fc99100 0x4202b2a9:0x3fc99130 0x4202b332:0x3fc99150 0x4201f171:0x3fc991a0 0x4201b5cd:0x3fc991c0 0x4201bc95:0x3fc99220 0x4200ac7c:0x3fc99250 0x4200b226:0x3fc992f0 0x42048503:0x3fc99430 0x4037ac21:0x3fc99460
Rebooting...
ï¿½ï¿½ï¿½ESP-ROM:esp32s3-20210327
Build:Mar 27 2021
rst:0xc (RTC_SW_CPU_RST),boot:0x2b (SPI_FAST_FLASH_BOOT)
Saved PC:0x40375a2c
SPIWP:0xee
mode:DIO, clock div:1
load:0x3fce2810,len:0x178c
load:0x403c8700,len:0x4
load:0x403c8704,len:0xcb8
load:0x403cb700,len:0x2db0
entry 0x403c8914
[0;32mI (31) boot: ESP-IDF v5.3.1-dirty 2nd stage bootloader[0m
[0;32mI (31) boot: compile time Sep 21 2024 09:34:58[0m
[0;32mI (31) boot: Multicore bootloader[0m
[0;32mI (35) boot: chip revision: v0.2[0m
[0;32mI (39) boot.esp32s3: Boot SPI Speed : 80MHz[0m
[0;32mI (44) boot.esp32s3: SPI Mode       : DIO[0m
[0;32mI (48) boot.esp32s3: SPI Flash Size : 2MB[0m
[0;32mI (53) boot: Enabling RNG early entropy source...[0m
[0;32mI (58) boot: Partition Table:[0m
[0;32mI (62) boot: ## Label            Usage          Type ST Offset   Length[0m
[0;32mI (69) boot:  0 nvs              WiFi data        01 02 00009000 00006000[0m
[0;32mI (77) boot:  1 phy_init         RF data          01 01 0000f000 00001000[0m
[0;32mI (84) boot:  2 factory          factory app      00 00 00010000 00100000[0m
[0;32mI (92) boot: End of partition table[0m
[0;32mI (96) esp_image: segment 0: paddr=00010020 vaddr=3c050020 size=144c4h ( 83140) map[0m
[0;32mI (119) esp_image: segment 1: paddr=000244ec vaddr=3fc92e00 size=02b04h ( 11012) load[0m
[0;32mI (122) esp_image: segment 2: paddr=00026ff8 vaddr=40374000 size=09020h ( 36896) load[0m
[0;32mI (133) esp_image: segment 3: paddr=00030020 vaddr=42000020 size=49004h (299012) map[0m
[0;32mI (187) esp_image: segment 4: paddr=0007902c vaddr=4037d020 size=05d84h ( 23940) load[0m
[0;32mI (199) boot: Loaded app from partition at offset 0x10000[0m
[0;32mI (199) boot: Disabling RNG early entropy source...[0m
[0;32mI (211) cpu_start: Multicore app[0m
[0;32mI (220) cpu_start: Pro cpu start user code[0m
[0;32mI (220) cpu_start: cpu freq: 160000000 Hz[0m
[0;32mI (220) app_init: Application information:[0m
[0;32mI (223) app_init: Project name:     usb-msc[0m
[0;32mI (228) app_init: App version:      d527dd2-dirty[0m
[0;32mI (233) app_init: Compile time:     Sep 22 2024 10:14:04[0m
[0;32mI (239) app_init: ELF file SHA256:  10d795b90...[0m
[0;32mI (245) app_init: ESP-IDF:          v5.3.1-dirty[0m
[0;32mI (250) efuse_init: Min chip rev:     v0.0[0m
[0;32mI (255) efuse_init: Max chip rev:     v0.99 [0m
[0;32mI (260) efuse_init: Chip rev:         v0.2[0m
[0;32mI (264) heap_init: Initializing. RAM available for dynamic allocation:[0m
[0;32mI (272) heap_init: At 3FC96958 len 00052DB8 (331 KiB): RAM[0m
[0;32mI (278) heap_init: At 3FCE9710 len 00005724 (21 KiB): RAM[0m
[0;32mI (284) heap_init: At 3FCF0000 len 00008000 (32 KiB): DRAM[0m
[0;32mI (290) heap_init: At 600FE100 len 00001EE8 (7 KiB): RTCRAM[0m
[0;32mI (297) spi_flash: detected chip: gd[0m
[0;32mI (300) spi_flash: flash io: dio[0m
[0;33mW (304) spi_flash: Detected size(16384k) larger than the size in the binary image header(2048k). Using the size in the binary image header.[0m
[0;32mI (318) sleep: Configure to isolate all GPIO pins in sleep state[0m
[0;32mI (325) sleep: Enable automatic switching of GPIO sleep configuration[0m
[0;32mI (332) main_task: Started on CPU0[0m
[0;32mI (352) main_task: Calling app_main()[0m
[0;32mI (352) gpio: GPIO[0]| InputEn: 1| OutputEn: 0| OpenDrain: 0| Pullup: 1| Pulldown: 0| Intr:2 [0m
[0;32mI (352) example: Waiting for USB flash drive to be connected[0m

assert failed: tcpip_send_msg_wait_sem /IDF/components/lwip/lwip/src/api/tcpip.c:449 (Invalid mbox)


Backtrace: 0x40375af2:0x3fc98fa0 0x4037a18d:0x3fc98fc0 0x40380dd5:0x3fc98fe0 0x4201f316:0x3fc99100 0x4202b2a9:0x3fc99130 0x4202b332:0x3fc99150 0x4201f171:0x3fc991a0 0x4201b5cd:0x3fc991c0 0x4201bc95:0x3fc99220 0x4200ac7c:0x3fc99250 0x4200b226:0x3fc992f0 0x42048503:0x3fc99430 0x4037ac21:0x3fc99460
Rebooting...
ï¿½ï¿½ï¿½ESP-ROM:esp32s3-20210327
Build:Mar 27 2021
rst:0xc (RTC_SW_CPU_RST),boot:0x2b (SPI_FAST_FLASH_BOOT)
Saved PC:0x40375a2c
SPIWP:0xee
mode:DIO, clock div:1
load:0x3fce2810,len:0x178c
load:0x403c8700,len:0x4
load:0x403c8704,len:0xcb8
load:0x403cb700,len:0x2db0
entry 0x403c8914
[0;32mI (31) boot: ESP-IDF v5.3.1-dirty 2nd stage bootloader[0m
[0;32mI (31) boot: compile time Sep 21 2024 09:34:58[0m
[0;32mI (31) boot: Multicore bootloader[0m
[0;32mI (35) boot: chip revision: v0.2[0m
[0;32mI (39) boot.esp32s3: Boot SPI Speed : 80MHz[0m
[0;32mI (44) boot.esp32s3: SPI Mode       : DIO[0m
[0;32mI (48) boot.esp32s3: SPI Flash Size : 2MB[0m
[0;32mI (53) boot: Enabling RNG early entropy source...[0m
[0;32mI (58) boot: Partition Table:[0m
[0;32mI (62) boot: ## Label            Usage          Type ST Offset   Length[0m
[0;32mI (69) boot:  0 nvs              WiFi data        01 02 00009000 00006000[0m
[0;32mI (77) boot:  1 phy_init         RF data          01 01 0000f000 00001000[0m
[0;32mI (84) boot:  2 factory          factory app      00 00 00010000 00100000[0m
[0;32mI (92) boot: End of partition table[0m
[0;32mI (96) esp_image: segment 0: paddr=00010020 vaddr=3c050020 size=144c4h ( 83140) map[0m
[0;32mI (119) esp_image: segment 1: paddr=000244ec vaddr=3fc92e00 size=02b04h ( 11012) load[0m
[0;32mI (122) esp_image: segment 2: paddr=00026ff8 vaddr=40374000 size=09020h ( 36896) load[0m
[0;32mI (133) esp_image: segment 3: paddr=00030020 vaddr=42000020 size=49004h (299012) map[0m
[0;32mI (187) esp_image: segment 4: paddr=0007902c vaddr=4037d020 size=05d84h ( 23940) load[0m
[0;32mI (199) boot: Loaded app from partition at offset 0x10000[0m
[0;32mI (199) boot: Disabling RNG early entropy source...[0m
[0;32mI (211) cpu_start: Multicore app[0m
[0;32mI (220) cpu_start: Pro cpu start user code[0m
[0;32mI (220) cpu_start: cpu freq: 160000000 Hz[0m
[0;32mI (220) app_init: Application information:[0m
[0;32mI (223) app_init: Project name:     usb-msc[0m
[0;32mI (228) app_init: App version:      d527dd2-dirty[0m
[0;32mI (233) app_init: Compile time:     Sep 22 2024 10:14:04[0m
[0;32mI (239) app_init: ELF file SHA256:  10d795b90...[0m
[0;32mI (245) app_init: ESP-IDF:          v5.3.1-dirty[0m
[0;32mI (250) efuse_init: Min chip rev:     v0.0[0m
[0;32mI (255) efuse_init: Max chip rev:     v0.99 [0m
[0;32mI (260) efuse_init: Chip rev:         v0.2[0m
[0;32mI (264) heap_init: Initializing. RAM available for dynamic allocation:[0m
[0;32mI (272) heap_init: At 3FC96958 len 00052DB8 (331 KiB): RAM[0m
[0;32mI (278) heap_init: At 3FCE9710 len 00005724 (21 KiB): RAM[0m
[0;32mI (284) heap_init: At 3FCF0000 len 00008000 (32 KiB): DRAM[0m
[0;32mI (290) heap_init: At 600FE100 len 00001EE8 (7 KiB): RTCRAM[0m
[0;32mI (297) spi_flash: detected chip: gd[0m
[0;32mI (300) spi_flash: flash io: dio[0m
[0;33mW (304) spi_flash: Detected size(16384k) larger than the size in the binary image header(2048k). Using the size in the binary image header.[0m
[0;32mI (318) sleep: Configure to isolate all GPIO pins in sleep state[0m
[0;32mI (325) sleep: Enable automatic switching of GPIO sleep configuration[0m
[0;32mI (332) main_task: Started on CPU0[0m
[0;32mI (352) main_task: Calling app_main()[0m
[0;32mI (352) gpio: GPIO[0]| InputEn: 1| OutputEn: 0| OpenDrain: 0| Pullup: 1| Pulldown: 0| Intr:2 [0m
[0;32mI (352) example: Waiting for USB flash drive to be connected[0m

assert failed: tcpip_send_msg_wait_sem /IDF/components/lwip/lwip/src/api/tcpip.c:449 (Invalid mbox)


Backtrace: 0x40375af2:0x3fc98fa0 0x4037a18d:0x3fc98fc0 0x40380dd5:0x3fc98fe0 0x4201f316:0x3fc99100 0x4202b2a9:0x3fc99130 0x4202b332:0x3fc99150 0x4201f171:0x3fc991a0 0x4201b5cd:0x3fc991c0 0x4201bc95:0x3fc99220 0x4200ac7c:0x3fc99250 0x4200b226:0x3fc992f0 0x42048503:0x3fc99430 0x4037ac21:0x3fc99460




ELF file SHA256: 10d795b90

Rebooting...
ï¿½ï¿½ï¿½ESP-ROM:esp32s3-20210327
Build:Mar 27 2021
rst:0xc (RTC_SW_CPU_RST),boot:0x2b (SPI_FAST_FLASH_BOOT)
Saved PC:0x40375a2c
SPIWP:0xee
mode:DIO, clock div:1
load:0x3fce2810,len:0x178c
load:0x403c8700,len:0x4
load:0x403c8704,len:0xcb8
load:0x403cb700,len:0x2db0
entry 0x403c8914
[0;32mI (31) boot: ESP-IDF v5.3.1-dirty 2nd stage bootloader[0m
[0;32mI (31) boot: compile time Sep 21 2024 09:34:58[0m
[0;32mI (31) boot: Multicore bootloader[0m
[0;32mI (35) boot: chip revision: v0.2[0m
[0;32mI (39) boot.esp32s3: Boot SPI Speed : 80MHz[0m
[0;32mI (44) boot.esp32s3: SPI Mode       : DIO[0m
[0;32mI (48) boot.esp32s3: SPI Flash Size : 2MB[0m
[0;32mI (53) boot: Enabling RNG early entropy source...[0m
[0;32mI (58) boot: Partition Table:[0m
[0;32mI (62) boot: ## Label            Usage          Type ST Offset   Length[0m
[0;32mI (69) boot:  0 nvs              WiFi data        01 02 00009000 00006000[0m
[0;32mI (77) boot:  1 phy_init         RF data          01 01 0000f000 00001000[0m
[0;32mI (84) boot:  2 factory          factory app      00 00 00010000 00100000[0m
[0;32mI (92) boot: End of partition table[0m
[0;32mI (96) esp_image: segment 0: paddr=00010020 vaddr=3c050020 size=144c4h ( 83140) map[0m
[0;32mI (119) esp_image: segment 1: paddr=000244ec vaddr=3fc92e00 size=02b04h ( 11012) load[0m
[0;32mI (122) esp_image: segment 2: paddr=00026ff8 vaddr=40374000 size=09020h ( 36896) load[0m
[0;32mI (133) esp_image: segment 3: paddr=00030020 vaddr=42000020 size=49004h (299012) map[0m
[0;32mI (187) esp_image: segment 4: paddr=0007902c vaddr=4037d020 size=05d84h ( 23940) load[0m
[0;32mI (199) boot: Loaded app from partition at offset 0x10000[0m
[0;32mI (199) boot: Disabling RNG early entropy source...[0m
[0;32mI (211) cpu_start: Multicore app[0m
[0;32mI (220) cpu_start: Pro cpu start user code[0m
[0;32mI (220) cpu_start: cpu freq: 160000000 Hz[0m
[0;32mI (220) app_init: Application information:[0m
[0;32mI (223) app_init: Project name:     usb-msc[0m
[0;32mI (228) app_init: App version:      d527dd2-dirty[0m
[0;32mI (233) app_init: Compile time:     Sep 22 2024 10:14:04[0m
[0;32mI (239) app_init: ELF file SHA256:  10d795b90...[0m
[0;32mI (245) app_init: ESP-IDF:          v5.3.1-dirty[0m
[0;32mI (250) efuse_init: Min chip rev:     v0.0[0m
[0;32mI (255) efuse_init: Max chip rev:     v0.99 [0m
[0;32mI (260) efuse_init: Chip rev:         v0.2[0m
[0;32mI (264) heap_init: Initializing. RAM available for dynamic allocation:[0m
[0;32mI (272) heap_init: At 3FC96958 len 00052DB8 (331 KiB): RAM[0m
[0;32mI (278) heap_init: At 3FCE9710 len 00005724 (21 KiB): RAM[0m
[0;32mI (284) heap_init: At 3FCF0000 len 00008000 (32 KiB): DRAM[0m
[0;32mI (290) heap_init: At 600FE100 len 00001EE8 (7 KiB): RTCRAM[0m
[0;32mI (297) spi_flash: detected chip: gd[0m
[0;32mI (300) spi_flash: flash io: dio[0m
[0;33mW (304) spi_flash: Detected size(16384k) larger than the size in the binary image header(2048k). Using the size in the binary image header.[0m
[0;32mI (318) sleep: Configure to isolate all GPIO pins in sleep state[0m
[0;32mI (325) sleep: Enable automatic switching of GPIO sleep configuration[0m
[0;32mI (332) main_task: Started on CPU0[0m
[0;32mI (352) main_task: Calling app_main()[0m
[0;32mI (352) gpio: GPIO[0]| InputEn: 1| OutputEn: 0| OpenDrain: 0| Pullup: 1| Pulldown: 0| Intr:2 [0m
[0;32mI (352) example: Waiting for USB flash drive to be connected[0m

assert failed: tcpip_send_msg_wait_sem /IDF/components/lwip/lwip/src/api/tcpip.c:449 (Invalid mbox)


Backtrace: 0x40375af2:0x3fc98fa0 0x4037a18d:0x3fc98fc0 0x40380dd5:0x3fc98fe0 0x4201f316:0x3fc99100 0x4202b2a9:0x3fc99130 0x4202b332:0x3fc99150 0x4201f171:0x3fc991a0 0x4201b5cd:0x3fc991c0 0x4201bc95:0x3fc99220 0x4200ac7c:0x3fc99250 0x4200b226:0x3fc992f0 0x42048503:0x3fc99430 0x4037ac21:0x3fc99460




ELF file SHA256: 10d795b90

Rebooting...
ï¿½ï¿½ï¿½ESP-ROM:esp32s3-20210327
Build:Mar 27 2021
rst:0xc (RTC_SW_CPU_RST),boot:0x2b (SPI_FAST_FLASH_BOOT)
Saved PC:0x40375a2c
SPIWP:0xee
mode:DIO, clock div:1
load:0x3fce2810,len:0x178c
load:0x403c8700,len:0x4
load:0x403c8704,len:0xcb8
load:0x403cb700,len:0x2db0
entry 0x403c8914
[0;32mI (31) boot: ESP-IDF v5.3.1-dirty 2nd stage bootloader[0m
[0;32mI (31) boot: compile time Sep 21 2024 09:34:58[0m
[0;32mI (31) boot: Multicore bootloader[0m
[0;32mI (35) boot: chip revision: v0.2[0m
[0;32mI (39) boot.esp32s3: Boot SPI Speed : 80MHz[0m
[0;32mI (44) boot.esp32s3: SPI Mode       : DIO[0m
[0;32mI (48) boot.esp32s3: SPI Flash Size : 2MB[0m
[0;32mI (53) boot: Enabling RNG early entropy source...[0m
[0;32mI (58) boot: Partition Table:[0m
[0;32mI (62) boot: ## Label            Usage          Type ST Offset   Length[0m
[0;32mI (69) boot:  0 nvs              WiFi data        01 02 00009000 00006000[0m
[0;32mI (77) boot:  1 phy_init         RF data          01 01 0000f000 00001000[0m
[0;32mI (84) boot:  2 factory          factory app      00 00 00010000 00100000[0m
[0;32mI (92) boot: End of partition table[0m
[0;32mI (96) esp_image: segment 0: paddr=00010020 vaddr=3c050020 size=144c4h ( 83140) map[0m
[0;32mI (119) esp_image: segment 1: paddr=000244ec vaddr=3fc92e00 size=02b04h ( 11012) load[0m
[0;32mI (122) esp_image: segment 2: paddr=00026ff8 vaddr=40374000 size=09020h ( 36896) load[0m
[0;32mI (133) esp_image: segment 3: paddr=00030020 vaddr=42000020 size=49004h (299012) map[0m
[0;32mI (187) esp_image: segment 4: paddr=0007902c vaddr=4037d020 size=05d84h ( 23940) load[0m
[0;32mI (199) boot: Loaded app from partition at offset 0x10000[0m
[0;32mI (199) boot: Disabling RNG early entropy source...[0m
[0;32mI (211) cpu_start: Multicore app[0m
[0;32mI (220) cpu_start: Pro cpu start user code[0m
[0;32mI (220) cpu_start: cpu freq: 160000000 Hz[0m
[0;32mI (220) app_init: Application information:[0m
[0;32mI (223) app_init: Project name:     usb-msc[0m
[0;32mI (228) app_init: App version:      d527dd2-dirty[0m
[0;32mI (233) app_init: Compile time:     Sep 22 2024 10:14:04[0m
[0;32mI (239) app_init: ELF file SHA256:  10d795b90...[0m
[0;32mI (245) app_init: ESP-IDF:          v5.3.1-dirty[0m
[0;32mI (250) efuse_init: Min chip rev:     v0.0[0m
